Component: ARM Compiler 5.06 update 6 (build 750) Tool: armlink [4d35ed]

==============================================================================

Section Cross References

    app.o(.text) refers to bsp.o(.text) for BSP_Init
    app.o(.text) refers to cpu_core.o(.text) for CPU_Init
    app.o(.text) refers to os_cpu_c.o(.text) for OS_CPU_SysTickInit
    app.o(.text) refers to lib_mem.o(.text) for Mem_Init
    app.o(.text) refers to os_stat.o(.text) for OSStatTaskCPUUsageInit
    app.o(.text) refers to bsp_ser.o(.text) for BSP_Ser_Init
    app.o(.text) refers to os_time.o(.text) for OSTimeDlyHMSM
    app.o(.text) refers to bsp_int.o(.text) for BSP_IntDisAll
    app.o(.text) refers to os_core.o(.text) for OSInit
    app.o(.text) refers to os_task.o(.text) for OSTaskCreate
    app.o(.text) refers to os_cfg_app.o(.constdata) for OSCfg_TickRate_Hz
    app.o(.text) refers to app.o(.bss) for AppTaskStartStk
    os_app_hooks.o(.text) refers to cpu_a.o(.text) for CPU_SR_Save
    os_app_hooks.o(.text) refers to cpu_core.o(.text) for CPU_IntDisMeasStart
    os_app_hooks.o(.text) refers to os_var.o(.data) for OS_AppTaskCreateHookPtr
    bsp.o(.text) refers to stm32f10x_gpio.o(.text) for GPIO_Init
    bsp.o(.text) refers to stm32f10x_rcc.o(.text) for RCC_APB2PeriphClockCmd
    bsp.o(.text) refers to bsp_int.o(.text) for BSP_IntInit
    bsp.o(.text) refers to stm32f10x_flash.o(.text) for FLASH_SetLatency
    bsp.o(.text) refers to cpu_core.o(.text) for CPU_TS_TmrFreqSet
    bsp.o(.text) refers to bsp.o(.data) for BSP_CPU_ClkFreq_MHz
    bsp_i2c.o(.text) refers to bsp_os.o(.text) for BSP_OS_SemPost
    bsp_i2c.o(.text) refers to bsp_periph.o(.text) for BSP_PeriphEn
    bsp_i2c.o(.text) refers to stm32f10x_gpio.o(.text) for GPIO_Init
    bsp_i2c.o(.text) refers to stm32f10x_rcc.o(.text) for RCC_GetClocksFreq
    bsp_i2c.o(.text) refers to bsp_int.o(.text) for BSP_IntVectSet
    bsp_i2c.o(.text) refers to bsp_i2c.o(.bss) for BSP_I2C_DevTbl
    bsp_int.o(.text) refers to cpu_c.o(.text) for CPU_IntSrcDis
    bsp_int.o(.text) refers to cpu_a.o(.text) for CPU_IntDis
    bsp_int.o(.text) refers to cpu_core.o(.text) for CPU_IntDisMeasStart
    bsp_int.o(.text) refers to os_core.o(.text) for OSIntEnter
    bsp_int.o(.text) refers to bsp_int.o(.bss) for BSP_IntVectTbl
    bsp_periph.o(.text) refers to bsp.o(.text) for BSP_CPU_ClkFreq
    bsp_ser.o(.text) refers to stm32f10x_usart.o(.text) for USART_GetFlagStatus
    bsp_ser.o(.text) refers to bsp_os.o(.text) for BSP_OS_SemPost
    bsp_ser.o(.text) refers to bsp_periph.o(.text) for BSP_PeriphEn
    bsp_ser.o(.text) refers to stm32f10x_gpio.o(.text) for GPIO_PinRemapConfig
    bsp_ser.o(.text) refers to bsp_int.o(.text) for BSP_IntVectSet
    bsp_ser.o(.text) refers to printfa.o(i.__0vsnprintf) for __c89vsnprintf
    bsp_ser.o(.text) refers to lib_ascii.o(.text) for ASCII_IsPrint
    bsp_ser.o(.text) refers to bsp_ser.o(.data) for BSP_SerRxData
    bsp_ser.o(.text) refers to bsp_ser.o(.bss) for BSP_SerRxWait
    bsp_stlm75.o(.text) refers to bsp_i2c.o(.text) for BSP_I2C_Init
    bsp_os.o(.text) refers to os_sem.o(.text) for OSSemCreate
    bsp_os.o(.text) refers to os_time.o(.text) for OSTimeDlyHMSM
    bsp_os.o(.text) refers to os_cfg_app.o(.constdata) for OSCfg_TickRate_Hz
    cstartup.o(RESET) refers to cstartup.o(STACK) for __initial_sp
    cstartup.o(RESET) refers to cstartup.o(.text) for Reset_Handler
    cstartup.o(RESET) refers to os_cpu_a.o(CODE) for OS_CPU_PendSVHandler
    cstartup.o(RESET) refers to os_cpu_c.o(.text) for OS_CPU_SysTickHandler
    cstartup.o(RESET) refers to bsp_int.o(.text) for BSP_IntHandlerWWDG
    cstartup.o(.text) refers to entry.o(.ARM.Collect$$$$00000000) for __main
    cpu_core.o(.text) refers to bsp.o(.text) for CPU_TS_TmrRd
    cpu_core.o(.text) refers to cpu_a.o(.text) for CPU_SR_Save
    cpu_core.o(.text) refers to lib_mem.o(.text) for Mem_Clr
    cpu_core.o(.text) refers to lib_str.o(.text) for Str_Copy_N
    cpu_core.o(.text) refers to cpu_core.o(.data) for CPU_IntDisNestCtr
    cpu_core.o(.text) refers to cpu_core.o(.bss) for CPU_Name
    cpu_core.o(.text) refers to cpu_core.o(.constdata) for CPU_CntLeadZerosTbl
    cpu_c.o(.text) refers to cpu_a.o(.text) for CPU_SR_Save
    cpu_c.o(.text) refers to cpu_core.o(.text) for CPU_IntDisMeasStart
    lib_math.o(.text) refers to cpu_a.o(.text) for CPU_SR_Save
    lib_math.o(.text) refers to cpu_core.o(.text) for CPU_IntDisMeasStart
    lib_math.o(.text) refers to lib_math.o(.data) for Math_RandSeedCur
    lib_mem.o(.text) refers to lib_mem_a.o(.text) for Mem_Copy
    lib_mem.o(.text) refers to cpu_core.o(.text) for CPU_SW_Exception
    lib_mem.o(.text) refers to cpu_a.o(.text) for CPU_SR_Save
    lib_mem.o(.text) refers to lib_mem.o(.bss) for Mem_PoolHeap
    lib_mem.o(.text) refers to lib_mem.o(.data) for Mem_PoolTbl
    lib_str.o(.text) refers to lib_ascii.o(.text) for ASCII_ToLower
    lib_str.o(.text) refers to lib_str.o(.constdata) for Str_MultOvfThTbl_Int32U
[...]
    Mem_SegAlloc                             0x080020f3   Thumb Code    80  lib_mem.o(.text)
    Mem_SegCalcTotSize                       0x08002143   Thumb Code   164  lib_mem.o(.text)
    Mem_PoolBlkIsValidAddr                   0x08002b1b   Thumb Code   102  lib_mem.o(.text)
    .text                                    0x08002e48   Section        0  lib_str.o(.text)
    Str_FmtNbr_Int32                         0x08003301   Thumb Code   474  lib_str.o(.text)
    Str_ParseNbr_Int32                       0x08003547   Thumb Code   446  lib_str.o(.text)
    .text                                    0x08003770   Section      544  lib_mem_a.o(.text)
    .text                                    0x08003990   Section        0  os_cfg_app.o(.text)
    .text                                    0x08003994   Section        0  os_core.o(.text)
    .text                                    0x080047e4   Section        0  os_flag.o(.text)
    .text                                    0x080057f0   Section        0  os_int.o(.text)
    .text                                    0x08005c50   Section        0  os_mem.o(.text)
    .text                                    0x08005ec8   Section        0  os_msg.o(.text)
    .text                                    0x080060f0   Section        0  os_mutex.o(.text)
    .text                                    0x08006d30   Section        0  os_prio.o(.text)
    .text                                    0x08006dac   Section        0  os_q.o(.text)
    .text                                    0x080077ac   Section        0  os_sem.o(.text)
    .text                                    0x080080e0   Section        0  os_stat.o(.text)
    .text                                    0x080087bc   Section        0  os_task.o(.text)
    .text                                    0x0800a744   Section        0  os_tick.o(.text)
    .text                                    0x0800ac68   Section        0  os_time.o(.text)
    .text                                    0x0800b2b4   Section        0  os_tmr.o(.text)
    .text                                    0x0800bb18   Section        0  os_dbg.o(.text)
    .text                                    0x0800bccc   Section        0  os_cpu_c.o(.text)
    .text                                    0x0800bf58   Section        0  stm32f10x_flash.o(.text)
    delay                                    0x0800bfe5   Thumb Code    26  stm32f10x_flash.o(.text)
    .text                                    0x0800c488   Section        0  stm32f10x_gpio.o(.text)
    .text                                    0x0800c7c0   Section        0  stm32f10x_rcc.o(.text)
    .text                                    0x0800ccd4   Section        0  stm32f10x_usart.o(.text)
    .text                                    0x0800d044   Section        0  uidiv.o(.text)
    .text                                    0x0800d070   Section        0  uldiv.o(.text)
    .text                                    0x0800d0d2   Section        0  iusefp.o(.text)
    .text                                    0x0800d0d2   Section        0  dadd.o(.text)
    .text                                    0x0800d220   Section        0  dmul.o(.text)
    .text                                    0x0800d304   Section        0  ddiv.o(.text)
    .text                                    0x0800d3e2   Section        0  dfixul.o(.text)
    .text                                    0x0800d414   Section       48  cdrcmple.o(.text)
    .text                                    0x0800d444   Section       36  init.o(.text)
    .text                                    0x0800d468   Section        0  llshl.o(.text)
    .text                                    0x0800d486   Section        0  llushr.o(.text)
    .text                                    0x0800d4a6   Section        0  llsshr.o(.text)
    .text                                    0x0800d4ca   Section        0  depilogue.o(.text)
    CODE                                     0x0800d584   Section      132  os_cpu_a.o(CODE)
    i.__0vsnprintf                           0x0800d608   Section        0  printfa.o(i.__0vsnprintf)
    i.__scatterload_copy                     0x0800d634   Section       14  handlers.o(i.__scatterload_copy)
    i.__scatterload_null                     0x0800d642   Section        2  handlers.o(i.__scatterload_null)
    i.__scatterload_zeroinit                 0x0800d644   Section       14  handlers.o(i.__scatterload_zeroinit)
    i._fp_digits                             0x0800d654   Section        0  printfa.o(i._fp_digits)
    _fp_digits                               0x0800d655   Thumb Code   366  printfa.o(i._fp_digits)
    i._printf_core                           0x0800d7d8   Section        0  printfa.o(i._printf_core)
    _printf_core                             0x0800d7d9   Thumb Code  1744  printfa.o(i._printf_core)
    i._printf_post_padding                   0x0800deb4   Section        0  printfa.o(i._printf_post_padding)
    _printf_post_padding                     0x0800deb5   Thumb Code    36  printfa.o(i._printf_post_padding)
    i._printf_pre_padding                    0x0800ded8   Section        0  printfa.o(i._printf_pre_padding)
    _printf_pre_padding                      0x0800ded9   Thumb Code    46  printfa.o(i._printf_pre_padding)
    i._snputc                                0x0800df06   Section        0  printfa.o(i._snputc)
    _snputc                                  0x0800df07   Thumb Code    22  printfa.o(i._snputc)
    .constdata                               0x0800df1c   Section      256  cpu_core.o(.constdata)
    CPU_CntLeadZerosTbl                      0x0800df1c   Data         256  cpu_core.o(.constdata)
    .constdata                               0x0800e01c   Section      148  lib_str.o(.constdata)
    Str_MultOvfThTbl_Int32U                  0x0800e01c   Data         148  lib_str.o(.constdata)
    .constdata                               0x0800e0b0   Section      164  os_cfg_app.o(.constdata)
    .constdata                               0x0800e154   Section      364  os_dbg.o(.constdata)
    .constdata                               0x0800e2c0   Section       20  stm32f10x_rcc.o(.constdata)
    APBAHBPrescTable                         0x0800e2c0   Data          16  stm32f10x_rcc.o(.constdata)
    ADCPrescTable                            0x0800e2d0   Data           4  stm32f10x_rcc.o(.constdata)
    .data                                    0x20000000   Section        4  bsp.o(.data)
    .data                                    0x20000004   Section        1  bsp_ser.o(.data)
    BSP_SerRxData                            0x20000004   Data           1  bsp_ser.o(.data)
    .data                                    0x20000008   Section       28  cpu_core.o(.data)
    .data                                    0x20000024   Section        4  lib_mem.o(.data)
    .data                                    0x20000028   Section        4  os_prio.o(.data)
    .data                                    0x2000002c   Section      208  os_var.o(.data)
    .data                                    0x200000fc   Section        4  os_cpu_c.o(.data)
    .bss                                     0x20000100   Section      712  app.o(.bss)
    AppTaskStartTCB                          0x20000100   Data         200  app.o(.bss)
    AppTaskStartStk                          0x200001c8   Data         512  app.o(.bss)
    .bss                                     0x200003c8   Section      272  bsp_int.o(.bss)
    BSP_IntVectTbl                           0x200003c8   Data         272  bsp_int.o(.bss)
    .bss                                     0x200004d8   Section      120  bsp_ser.o(.bss)
    BSP_SerTxWait                            0x200004d8   Data          40  bsp_ser.o(.bss)
    BSP_SerRxWait                            0x20000500   Data          40  bsp_ser.o(.bss)
    BSP_SerLock                              0x20000528   Data          40  bsp_ser.o(.bss)
    .bss                                     0x20000550   Section       16  cpu_core.o(.bss)
    .bss                                     0x20000560   Section    27720  lib_mem.o(.bss)
    .bss                                     0x200071a8   Section     5264  os_cfg_app.o(.bss)
    .bss                                     0x20008638   Section     1396  os_var.o(.bss)
    STACK                                    0x20008bb0   Section      512  cstartup.o(STACK)

    Global Symbols

    Symbol Name                              Value     Ov Type        Size  Object(Section)

    BuildAttributes$$THM_ISAv4$P$D$K$B$S$PE$A:L22UL41UL21$X:L11$S22US41US21$IEEE1$IW$USESV6$~STKCKD$USESV7$~SHL$OSPACE$ROPI$EBA8$MICROLIB$REQ8$PRES8$EABIv2 0x00000000   Number         0  anon$$obj.o ABSOLUTE
    __ARM_use_no_argv                        0x00000000   Number         0  app.o ABSOLUTE
    __cpp_initialize__aeabi_                  - Undefined Weak Reference
    __cxa_finalize                            - Undefined Weak Reference
    __decompress                              - Undefined Weak Reference
    _clock_init                               - Undefined Weak Reference
    _microlib_exit                            - Undefined Weak Reference
    __Vectors                                0x08000000   Data           4  cstartup.o(RESET)
    __main                                   0x08000151   Thumb Code     0  entry.o(.ARM.Collect$$$$00000000)
    _main_stk                                0x08000151   Thumb Code     0  entry2.o(.ARM.Collect$$$$00000001)
    _main_scatterload                        0x08000155   Thumb Code     0  entry5.o(.ARM.Collect$$$$00000004)
    __main_after_scatterload                 0x08000159   Thumb Code     0  entry5.o(.ARM.Collect$$$$00000004)
    _main_clock                              0x08000159   Thumb Code     0  entry7b.o(.ARM.Collect$$$$00000008)
    _main_cpp_init                           0x08000159   Thumb Code     0  entry8b.o(.ARM.Collect$$$$0000000A)
    _main_init                               0x08000159   Thumb Code     0  entry9a.o(.ARM.Collect$$$$0000000B)
    __rt_final_cpp                           0x08000161   Thumb Code     0  entry10a.o(.ARM.Collect$$$$0000000D)
    __rt_final_exit                          0x08000161   Thumb Code     0  entry11a.o(.ARM.Collect$$$$0000000F)
    main                                     0x080001d3   Thumb Code    72  app.o(.text)
    BSP_CPU_ClkFreq                          0x080002c7   Thumb Code    16  bsp.o(.text)
    BSP_Init                                 0x080002d7   Thumb Code   210  bsp.o(.text)
    BSP_LED_On                               0x080003a9   Thumb Code    74  bsp.o(.text)
    BSP_LED_Off                              0x080003f3   Thumb Code    74  bsp.o(.text)
    BSP_LED_Toggle                           0x0800043d   Thumb Code   126  bsp.o(.text)
    BSP_StatusRd                             0x080004bb   Thumb Code    26  bsp.o(.text)
    CPU_TS_TmrInit                           0x080004d5   Thumb Code    44  bsp.o(.text)
    CPU_TS_TmrRd                             0x08000501   Thumb Code     6  bsp.o(.text)
    BSP_IntClr                               0x08000521   Thumb Code     2  bsp_int.o(.text)
    BSP_IntDis                               0x08000523   Thumb Code    20  bsp_int.o(.text)
    BSP_IntDisAll                            0x08000537   Thumb Code     8  bsp_int.o(.text)
    BSP_IntEn                                0x0800053f   Thumb Code    20  bsp_int.o(.text)
    BSP_IntVectSet                           0x08000553   Thumb Code    56  bsp_int.o(.text)
    BSP_IntPrioSet                           0x0800058b   Thumb Code    62  bsp_int.o(.text)
    BSP_IntInit                              0x080005cb   Thumb Code    22  bsp_int.o(.text)
    BSP_IntHandlerWWDG                       0x08000623   Thumb Code    10  bsp_int.o(.text)
    BSP_IntHandlerPVD                        0x0800062d   Thumb Code    10  bsp_int.o(.text)
    BSP_IntHandlerTAMPER                     0x08000637   Thumb Code    10  bsp_int.o(.text)
    BSP_IntHandlerRTC                        0x08000641   Thumb Code    10  bsp_int.o(.text)
    BSP_IntHandlerFLASH                      0x0800064b   Thumb Code    10  bsp_int.o(.text)
    BSP_IntHandlerRCC                        0x08000655   Thumb Code    10  bsp_int.o(.text)
    BSP_IntHandlerEXTI0                      0x0800065f   Thumb Code    10  bsp_int.o(.text)
    BSP_IntHandlerEXTI1                      0x08000669   Thumb Code    10  bsp_int.o(.text)
    BSP_IntHandlerEXTI2                      0x08000673   Thumb Code    10  bsp_int.o(.text)
    BSP_IntHandlerEXTI3                      0x0800067d   Thumb Code    10  bsp_int.o(.text)
    BSP_IntHandlerEXTI4                      0x08000687   Thumb Code    10  bsp_int.o(.text)
    BSP_IntHandlerDMA1_CH1                   0x08000691   Thumb Code    10  bsp_int.o(.text)
    BSP_IntHandlerDMA1_CH2                   0x0800069b   Thumb Code    10  bsp_int.o(.text)
    BSP_IntHandlerDMA1_CH3                   0x080006a5   Thumb Code    10  bsp_int.o(.text)
    BSP_IntHandlerDMA1_CH4                   0x080006af   Thumb Code    10  bsp_int.o(.text)
    BSP_IntHandlerDMA1_CH5                   0x080006b9   Thumb Code    10  bsp_int.o(.text)
    BSP_IntHandlerDMA1_CH6                   0x080006c3   Thumb Code    10  bsp_int.o(.text)
    BSP_IntHandlerDMA1_CH7                   0x080006cd   Thumb Code    10  bsp_int.o(.text)
    BSP_IntHandlerADC1_2                     0x080006d7   Thumb Code    10  bsp_int.o(.text)
    BSP_IntHandlerCAN1_TX                    0x080006e1   Thumb Code    10  bsp_int.o(.text)
    BSP_IntHandlerCAN1_RX0                   0x080006eb   Thumb Code    10  bsp_int.o(.text)
    BSP_IntHandlerCAN1_RX1                   0x080006f5   Thumb Code    10  bsp_int.o(.text)
    BSP_IntHandlerCAN1_SCE                   0x080006ff   Thumb Code    10  bsp_int.o(.text)
    BSP_IntHandlerEXTI9_5                    0x08000709   Thumb Code    10  bsp_int.o(.text)
    BSP_IntHandlerTIM1_BRK                   0x08000713   Thumb Code    10  bsp_int.o(.text)
    BSP_IntHandlerTIM1_UP                    0x0800071d   Thumb Code    10  bsp_int.o(.text)
    BSP_IntHandlerTIM1_TRG_COM               0x08000727   Thumb Code    10  bsp_int.o(.text)
    BSP_IntHandlerTIM1_CC                    0x08000731   Thumb Code    10  bsp_int.o(.text)
    BSP_IntHandlerTIM2                       0x0800073b   Thumb Code    10  bsp_int.o(.text)
    BSP_IntHandlerTIM3                       0x08000745   Thumb Code    10  bsp_int.o(.text)
    BSP_IntHandlerTIM4                       0x0800074f   Thumb Code    10  bsp_int.o(.text)
    BSP_IntHandlerI2C1_EV                    0x08000759   Thumb Code    10  bsp_int.o(.text)
    BSP_IntHandlerI2C1_ER                    0x08000763   Thumb Code    10  bsp_int.o(.text)
    BSP_IntHandlerI2C2_EV                    0x0800076d   Thumb Code    10  bsp_int.o(.text)
    BSP_IntHandlerI2C2_ER                    0x08000777   Thumb Code    10  bsp_int.o(.text)
    BSP_IntHandlerSPI1                       0x08000781   Thumb Code    10  bsp_int.o(.text)
    BSP_IntHandlerSPI2                       0x0800078b   Thumb Code    10  bsp_int.o(.text)
    BSP_IntHandlerUSART1                     0x08000795   Thumb Code    10  bsp_int.o(.text)
    BSP_IntHandlerUSART2                     0x0800079f   Thumb Code    10  bsp_int.o(.text)
    BSP_IntHandlerUSART3                     0x080007a9   Thumb Code    10  bsp_int.o(.text)
    BSP_IntHandlerEXTI15_10                  0x080007b3   Thumb Code    10  bsp_int.o(.text)
    BSP_IntHandlerRTCAlarm                   0x080007bd   Thumb Code    10  bsp_int.o(.text)
    BSP_IntHandlerUSBWakeUp                  0x080007c7   Thumb Code    10  bsp_int.o(.text)
    BSP_IntHandlerTIM5                       0x080007d1   Thumb Code    10  bsp_int.o(.text)
    BSP_IntHandlerSPI3                       0x080007db   Thumb Code    10  bsp_int.o(.text)
    BSP_IntHandlerUSART4                     0x080007e5   Thumb Code    10  bsp_int.o(.text)
    BSP_IntHandlerUSART5                     0x080007ef   Thumb Code    10  bsp_int.o(.text)
    BSP_IntHandlerTIM6                       0x080007f9   Thumb Code    10  bsp_int.o(.text)
    BSP_IntHandlerTIM7                       0x08000803   Thumb Code    10  bsp_int.o(.text)
    BSP_IntHandlerDMA2_CH1                   0x0800080d   Thumb Code    10  bsp_int.o(.text)
    BSP_IntHandlerDMA2_CH2                   0x08000817   Thumb Code    10  bsp_int.o(.text)
    BSP_IntHandlerDMA2_CH3                   0x08000821   Thumb Code    10  bsp_int.o(.text)
    BSP_IntHandlerDMA2_CH4                   0x0800082b   Thumb Code    10  bsp_int.o(.text)
    BSP_IntHandlerDMA2_CH5                   0x08000835   Thumb Code    10  bsp_int.o(.text)
    BSP_IntHandlerETH                        0x0800083f   Thumb Code    10  bsp_int.o(.text)
    BSP_IntHandlerETHWakeup                  0x08000849   Thumb Code    10  bsp_int.o(.text)
    BSP_IntHandlerCAN2_TX                    0x08000853   Thumb Code    10  bsp_int.o(.text)
    BSP_IntHandlerCAN2_RX0                   0x0800085d   Thumb Code    10  bsp_int.o(.text)
    BSP_IntHandlerCAN2_RX1                   0x08000867   Thumb Code    10  bsp_int.o(.text)
    BSP_IntHandlerCAN2_SCE                   0x08000871   Thumb Code    10  bsp_int.o(.text)
    BSP_IntHandlerOTG                        0x0800087b   Thumb Code    10  bsp_int.o(.text)
    BSP_PeriphClkFreqGet                     0x0800088d   Thumb Code   264  bsp_periph.o(.text)
    BSP_PeriphEn                             0x08000995   Thumb Code   250  bsp_periph.o(.text)
    BSP_PeriphDis                            0x08000a8f   Thumb Code   250  bsp_periph.o(.text)
    BSP_Ser_Init                             0x08000be3   Thumb Code   276  bsp_ser.o(.text)
    BSP_Ser_WrStr                            0x08000d25   Thumb Code    72  bsp_ser.o(.text)
    BSP_Ser_Printf                           0x08000d6d   Thumb Code    38  bsp_ser.o(.text)
    BSP_Ser_RdByte                           0x08000dbd   Thumb Code    26  bsp_ser.o(.text)
    BSP_Ser_RdStr                            0x08000dd7   Thumb Code   156  bsp_ser.o(.text)
    BSP_Ser_WrByte                           0x08000e73   Thumb Code    26  bsp_ser.o(.text)
    BSP_OS_SemCreate                         0x08000ed5   Thumb Code    34  bsp_os.o(.text)
    BSP_OS_SemWait                           0x08000ef7   Thumb Code    50  bsp_os.o(.text)
    BSP_OS_SemPost                           0x08000f29   Thumb Code    28  bsp_os.o(.text)
    BSP_OS_TimeDlyMs                         0x08000f45   Thumb Code    64  bsp_os.o(.text)
    Reset_Handler                            0x08000f89   Thumb Code     4  cstartup.o(.text)
    App_NMI_ISR                              0x08000f8d   Thumb Code     2  cstartup.o(.text)
    App_Fault_ISR                            0x08000f8f   Thumb Code     2  cstartup.o(.text)
    App_MemFault_ISR                         0x08000f91   Thumb Code     2  cstartup.o(.text)
    App_BusFault_ISR                         0x08000f93   Thumb Code     2  cstartup.o(.text)
    App_UsageFault_ISR                       0x08000f95   Thumb Code     2  cstartup.o(.text)
    App_Spurious_ISR                         0x08000f97   Thumb Code     2  cstartup.o(.text)
    App_Reserved_ISR                         0x08000f99   Thumb Code     2  cstartup.o(.text)
    CPU_IntDisMeasStop                       0x08000fa1   Thumb Code    62  cpu_core.o(.text)
    CPU_IntDisMeasStart                      0x08000fdf   Thumb Code    38  cpu_core.o(.text)
    CPU_NameClr                              0x08001005   Thumb Code    50  cpu_core.o(.text)
    CPU_Init                                 0x080010b5   Thumb Code    16  cpu_core.o(.text)
    CPU_SW_Exception                         0x080010c5   Thumb Code     4  cpu_core.o(.text)
    CPU_NameGet                              0x080010c9   Thumb Code    78  cpu_core.o(.text)
    CPU_NameSet                              0x08001117   Thumb Code   104  cpu_core.o(.text)
    CPU_TS_Get32                             0x0800117f   Thumb Code    12  cpu_core.o(.text)
    CPU_TS_Update                            0x0800118b   Thumb Code     2  cpu_core.o(.text)
    CPU_TS_TmrFreqGet                        0x0800118d   Thumb Code    30  cpu_core.o(.text)
    CPU_TS_TmrFreqSet                        0x080011ab   Thumb Code     6  cpu_core.o(.text)
    CPU_IntDisMeasMaxCurGet                  0x080011c9   Thumb Code    40  cpu_core.o(.text)
    CPU_IntDisMeasMaxCurReset                0x080011f1   Thumb Code    40  cpu_core.o(.text)
    CPU_IntDisMeasMaxGet                     0x08001219   Thumb Code    40  cpu_core.o(.text)
    CPU_CntLeadZeros08                       0x08001241   Thumb Code    18  cpu_core.o(.text)
    CPU_CntLeadZeros16                       0x08001253   Thumb Code    18  cpu_core.o(.text)
    CPU_CntLeadZeros32                       0x08001265   Thumb Code    18  cpu_core.o(.text)
    CPU_CntLeadZeros64                       0x08001277   Thumb Code   188  cpu_core.o(.text)
    CPU_CntTrailZeros08                      0x08001333   Thumb Code    22  cpu_core.o(.text)
    CPU_CntTrailZeros16                      0x08001349   Thumb Code    22  cpu_core.o(.text)
    CPU_CntTrailZeros32                      0x0800135f   Thumb Code    22  cpu_core.o(.text)
    CPU_CntTrailZeros64                      0x08001375   Thumb Code   104  cpu_core.o(.text)
    CPU_IntDis                               0x080013dd   Thumb Code     0  cpu_a.o(.text)
    CPU_IntEn                                0x080013e1   Thumb Code     0  cpu_a.o(.text)
    CPU_SR_Save                              0x080013e5   Thumb Code     0  cpu_a.o(.text)
    CPU_SR_Restore                           0x080013ed   Thumb Code     0  cpu_a.o(.text)
    CPU_WaitForInt                           0x080013f3   Thumb Code     0  cpu_a.o(.text)
    CPU_WaitForExcept                        0x080013f7   Thumb Code     0  cpu_a.o(.text)
    CPU_CntLeadZeros                         0x080013fb   Thumb Code     0  cpu_a.o(.text)
    CPU_CntTrailZeros                        0x08001401   Thumb Code     0  cpu_a.o(.text)
    CPU_RevBits                              0x0800140b   Thumb Code     0  cpu_a.o(.text)
    CPU_BitBandClr                           0x08001411   Thumb Code    58  cpu_c.o(.text)
    CPU_BitBandSet                           0x0800144b   Thumb Code    58  cpu_c.o(.text)
    CPU_IntSrcDis                            0x08001485   Thumb Code   370  cpu_c.o(.text)
    CPU_IntSrcEn                             0x080015f7   Thumb Code   370  cpu_c.o(.text)
    CPU_IntSrcPendClr                        0x08001769   Thumb Code   184  cpu_c.o(.text)
    CPU_IntSrcPrioSet                        0x08001821   Thumb Code   572  cpu_c.o(.text)
    CPU_IntSrcPrioGet                        0x08001a5d   Thumb Code   520  cpu_c.o(.text)
    ASCII_IsAlpha                            0x08001c65   Thumb Code    48  lib_ascii.o(.text)
    ASCII_IsAlphaNum                         0x08001c95   Thumb Code    76  lib_ascii.o(.text)
    ASCII_IsLower                            0x08001ce1   Thumb Code    20  lib_ascii.o(.text)
    ASCII_IsUpper                            0x08001cf5   Thumb Code    20  lib_ascii.o(.text)
    ASCII_IsDig                              0x08001d09   Thumb Code    20  lib_ascii.o(.text)
    ASCII_IsDigOct                           0x08001d1d   Thumb Code    20  lib_ascii.o(.text)
    ASCII_IsDigHex                           0x08001d31   Thumb Code    36  lib_ascii.o(.text)
    ASCII_IsBlank                            0x08001d55   Thumb Code    20  lib_ascii.o(.text)
    ASCII_IsSpace                            0x08001d69   Thumb Code    36  lib_ascii.o(.text)
    ASCII_IsPrint                            0x08001d8d   Thumb Code    20  lib_ascii.o(.text)
    ASCII_IsGraph                            0x08001da1   Thumb Code    20  lib_ascii.o(.text)
    ASCII_IsPunct                            0x08001db5   Thumb Code   134  lib_ascii.o(.text)
    ASCII_IsCtrl                             0x08001e3b   Thumb Code    26  lib_ascii.o(.text)
    ASCII_ToLower                            0x08001e55   Thumb Code    32  lib_ascii.o(.text)
    ASCII_ToUpper                            0x08001e75   Thumb Code    32  lib_ascii.o(.text)
    ASCII_Cmp                                0x08001e95   Thumb Code    38  lib_ascii.o(.text)
    Mem_Init                                 0x08001ebd   Thumb Code    54  lib_mem.o(.text)
    Mem_Set                                  0x08001ef3   Thumb Code    98  lib_mem.o(.text)
    Mem_Clr                                  0x08001f55   Thumb Code    18  lib_mem.o(.text)
    Mem_Move                                 0x08001f67   Thumb Code   204  lib_mem.o(.text)
    Mem_Cmp                                  0x08002033   Thumb Code   192  lib_mem.o(.text)
    Mem_HeapAlloc                            0x080021e7   Thumb Code   274  lib_mem.o(.text)
    Mem_SegGetSizeRem                        0x080022f9   Thumb Code   226  lib_mem.o(.text)
    Mem_HeapGetSizeRem                       0x080023db   Thumb Code    22  lib_mem.o(.text)
    Mem_PoolClr                              0x080023f1   Thumb Code    78  lib_mem.o(.text)
    Mem_PoolCreate                           0x0800243f   Thumb Code  1132  lib_mem.o(.text)
    Mem_PoolBlkGetNbrAvail                   0x080028ab   Thumb Code   140  lib_mem.o(.text)
    Mem_PoolBlkGet                           0x08002937   Thumb Code   248  lib_mem.o(.text)
    Mem_PoolBlkGetUsedAtIx                   0x08002a2f   Thumb Code   236  lib_mem.o(.text)
    Mem_PoolBlkFree                          0x08002b81   Thumb Code   366  lib_mem.o(.text)
    Mem_PoolBlkIxGet                         0x08002cef   Thumb Code   342  lib_mem.o(.text)
    Str_Len_N                                0x08002e49   Thumb Code    28  lib_str.o(.text)
    Str_Len                                  0x08002e65   Thumb Code    20  lib_str.o(.text)
    Str_Copy_N                               0x08002e79   Thumb Code    70  lib_str.o(.text)
    Str_Copy                                 0x08002ebf   Thumb Code    24  lib_str.o(.text)
    Str_Cat_N                                0x08002ed7   Thumb Code    90  lib_str.o(.text)
    Str_Cat                                  0x08002f31   Thumb Code    24  lib_str.o(.text)
    Str_Cmp_N                                0x08002f49   Thumb Code   156  lib_str.o(.text)
    Str_Cmp                                  0x08002fe5   Thumb Code    24  lib_str.o(.text)
    Str_CmpIgnoreCase_N                      0x08002ffd   Thumb Code   264  lib_str.o(.text)
    Str_CmpIgnoreCase                        0x08003105   Thumb Code    24  lib_str.o(.text)
    Str_Char_N                               0x0800311d   Thumb Code    74  lib_str.o(.text)
    Str_Char                                 0x08003167   Thumb Code    24  lib_str.o(.text)
    Str_Char_Last_N                          0x0800317f   Thumb Code    76  lib_str.o(.text)
    Str_Char_Last                            0x080031cb   Thumb Code    24  lib_str.o(.text)
    Str_Char_Replace_N                       0x080031e3   Thumb Code    52  lib_str.o(.text)
    Str_Char_Replace                         0x08003217   Thumb Code    28  lib_str.o(.text)
    Str_Str_N                                0x08003233   Thumb Code   182  lib_str.o(.text)
    Str_Str                                  0x080032e9   Thumb Code    24  lib_str.o(.text)
    Str_FmtNbr_Int32U                        0x080034db   Thumb Code    46  lib_str.o(.text)
    Str_FmtNbr_Int32S                        0x08003509   Thumb Code    62  lib_str.o(.text)
    Str_ParseNbr_Int32U                      0x08003705   Thumb Code    30  lib_str.o(.text)
    Str_ParseNbr_Int32S                      0x08003723   Thumb Code    74  lib_str.o(.text)
    Mem_Copy                                 0x08003771   Thumb Code     0  lib_mem_a.o(.text)
    OSCfg_Init                               0x08003991   Thumb Code     2  os_cfg_app.o(.text)
    OS_IdleTask                              0x08003995   Thumb Code    68  os_core.o(.text)
    OS_IdleTaskInit                          0x080039d9   Thumb Code    68  os_core.o(.text)
    OS_RdyListInit                           0x08003a1d   Thumb Code    32  os_core.o(.text)
    OSInit                                   0x08003a3d   Thumb Code   300  os_core.o(.text)
    OSIntEnter                               0x08003b69   Thumb Code    34  os_core.o(.text)
    OSIntExit                                0x08003b8b   Thumb Code   192  os_core.o(.text)
    OSSched                                  0x08003c4b   Thumb Code   134  os_core.o(.text)
    OS_SchedLockTimeMeasStart                0x08003cd1   Thumb Code    20  os_core.o(.text)
    OSSchedLock                              0x08003ce5   Thumb Code   112  os_core.o(.text)
    OS_SchedLockTimeMeasStop                 0x08003d55   Thumb Code    44  os_core.o(.text)
    OSSchedUnlock                            0x08003d81   Thumb Code   302  os_core.o(.text)
    OSSchedRoundRobinCfg                     0x08003eaf   Thumb Code    96  os_core.o(.text)
    OS_RdyListMoveHeadToTail                 0x08003f0f   Thumb Code    68  os_core.o(.text)
    OSSchedRoundRobinYield                   0x08003f53   Thumb Code   176  os_core.o(.text)
    OSStart                                  0x08004003   Thumb Code    78  os_core.o(.text)
    OSVersion                                0x08004051   Thumb Code    12  os_core.o(.text)
    OS_PendDbgNameAdd                        0x0800405d   Thumb Code    66  os_core.o(.text)
    OS_PendListInsertPrio                    0x0800409f   Thumb Code   102  os_core.o(.text)
    OS_PendDataInit                          0x08004105   Thumb Code    38  os_core.o(.text)
    OS_RdyListRemove                         0x0800412b   Thumb Code    86  os_core.o(.text)
    OS_TaskBlock                             0x08004181   Thumb Code    56  os_core.o(.text)
    OS_Pend                                  0x080041b9   Thumb Code   168  os_core.o(.text)
    OS_PendListRemove1                       0x08004261   Thumb Code    66  os_core.o(.text)
    OS_PendListRemove                        0x080042a3   Thumb Code    48  os_core.o(.text)
    OS_PendAbort1                            0x080042d3   Thumb Code    36  os_core.o(.text)
    OS_RdyListInsertHead                     0x080042f7   Thumb Code    58  os_core.o(.text)
    OS_RdyListInsertTail                     0x08004331   Thumb Code    56  os_core.o(.text)
    OS_RdyListInsert                         0x08004369   Thumb Code    40  os_core.o(.text)
    OS_TaskRdy                               0x08004391   Thumb Code    28  os_core.o(.text)
    OS_PendAbort                             0x080043ad   Thumb Code   166  os_core.o(.text)
    OS_PendDbgNameRemove                     0x08004453   Thumb Code    34  os_core.o(.text)
    OS_PendListChangePrio                    0x08004475   Thumb Code    70  os_core.o(.text)
    OS_PendListInit                          0x080044bb   Thumb Code    10  os_core.o(.text)
    OS_PendListInsertHead                    0x080044c5   Thumb Code    32  os_core.o(.text)
    OS_PendObjDel1                           0x080044e5   Thumb Code    36  os_core.o(.text)
    OS_PendObjDel                            0x08004509   Thumb Code   162  os_core.o(.text)
    OS_Post1                                 0x080045ab   Thumb Code    42  os_core.o(.text)
    OS_Post                                  0x080045d5   Thumb Code   192  os_core.o(.text)
    OS_Sched0                                0x08004695   Thumb Code   100  os_core.o(.text)
    OS_SchedRoundRobin                       0x080046f9   Thumb Code   218  os_core.o(.text)
    OS_FlagDbgListAdd                        0x080047e5   Thumb Code    38  os_flag.o(.text)
    OSFlagCreate                             0x0800480b   Thumb Code   210  os_flag.o(.text)
    OS_FlagClr                               0x080048dd   Thumb Code    28  os_flag.o(.text)
    OS_FlagDbgListRemove                     0x080048f9   Thumb Code    44  os_flag.o(.text)
    OSFlagDel                                0x08004925   Thumb Code   732  os_flag.o(.text)
    OS_FlagBlock                             0x08004c01   Thumb Code    58  os_flag.o(.text)
    OSFlagPend                               0x08004c3b   Thumb Code  1670  os_flag.o(.text)
    OSFlagPendAbort                          0x080052c1   Thumb Code   334  os_flag.o(.text)
    OSFlagPendGetFlagsRdy                    0x0800540f   Thumb Code    94  os_flag.o(.text)
    OS_FlagTaskRdy                           0x0800546d   Thumb Code    86  os_flag.o(.text)
    OS_FlagPost                              0x080054c3   Thumb Code   626  os_flag.o(.text)
    OSFlagPost                               0x08005735   Thumb Code   146  os_flag.o(.text)
    OS_FlagInit                              0x080057c7   Thumb Code    14  os_flag.o(.text)
    OS_IntQPost                              0x080057f1   Thumb Code   224  os_int.o(.text)
    OS_IntQRePost                            0x080058d1   Thumb Code   360  os_int.o(.text)
    OS_IntQTask                              0x08005a39   Thumb Code   182  os_int.o(.text)
    OS_IntQTaskInit                          0x08005aef   Thumb Code   208  os_int.o(.text)
    OS_MemDbgListAdd                         0x08005c51   Thumb Code    34  os_mem.o(.text)
    OSMemCreate                              0x08005c73   Thumb Code   326  os_mem.o(.text)
    OSMemGet                                 0x08005db9   Thumb Code   112  os_mem.o(.text)
    OSMemPut                                 0x08005e29   Thumb Code   124  os_mem.o(.text)
    OS_MemInit                               0x08005ea5   Thumb Code    14  os_mem.o(.text)
    OS_MsgPoolInit                           0x08005ec9   Thumb Code   110  os_msg.o(.text)
    OS_MsgQFreeAll                           0x08005f37   Thumb Code    62  os_msg.o(.text)
    OS_MsgQInit                              0x08005f75   Thumb Code    14  os_msg.o(.text)
    OS_MsgQGet                               0x08005f83   Thumb Code    98  os_msg.o(.text)
    OS_MsgQPut                               0x08005fe5   Thumb Code   254  os_msg.o(.text)
    OS_MutexDbgListAdd                       0x080060f1   Thumb Code    38  os_mutex.o(.text)
    OSMutexCreate                            0x08006117   Thumb Code   216  os_mutex.o(.text)
    OS_MutexClr                              0x080061ef   Thumb Code    38  os_mutex.o(.text)
    OS_MutexDbgListRemove                    0x08006215   Thumb Code    44  os_mutex.o(.text)
    OSMutexDel                               0x08006241   Thumb Code   960  os_mutex.o(.text)
    OSMutexPend                              0x08006601   Thumb Code   812  os_mutex.o(.text)
    OSMutexPendAbort                         0x0800692d   Thumb Code   334  os_mutex.o(.text)
    OSMutexPost                              0x08006a7b   Thumb Code   646  os_mutex.o(.text)
    OS_MutexInit                             0x08006d01   Thumb Code    14  os_mutex.o(.text)
    OS_PrioInit                              0x08006d31   Thumb Code    20  os_prio.o(.text)
    OS_PrioGetHighest                        0x08006d45   Thumb Code    36  os_prio.o(.text)
    OS_PrioInsert                            0x08006d69   Thumb Code    32  os_prio.o(.text)
    OS_PrioRemove                            0x08006d89   Thumb Code    32  os_prio.o(.text)
    OS_QDbgListAdd                           0x08006dad   Thumb Code    38  os_q.o(.text)
    OSQCreate                                0x08006dd3   Thumb Code   224  os_q.o(.text)
    OS_QClr                                  0x08006eb3   Thumb Code    40  os_q.o(.text)
    OS_QDbgListRemove                        0x08006edb   Thumb Code    44  os_q.o(.text)
    OSQDel                                   0x08006f07   Thumb Code   414  os_q.o(.text)
    OSQFlush                                 0x080070a5   Thumb Code   288  os_q.o(.text)
    OSQPend                                  0x080071c5   Thumb Code   560  os_q.o(.text)
    OSQPendAbort                             0x080073f5   Thumb Code   334  os_q.o(.text)
    OS_QPost                                 0x08007543   Thumb Code   402  os_q.o(.text)
    OSQPost                                  0x080076d5   Thumb Code   176  os_q.o(.text)
    OS_QInit                                 0x08007785   Thumb Code    14  os_q.o(.text)
    OS_SemDbgListAdd                         0x080077ad   Thumb Code    38  os_sem.o(.text)
    OSSemCreate                              0x080077d3   Thumb Code   210  os_sem.o(.text)
    OS_SemClr                                0x080078a5   Thumb Code    28  os_sem.o(.text)
    OS_SemDbgListRemove                      0x080078c1   Thumb Code    44  os_sem.o(.text)
    OSSemDel                                 0x080078ed   Thumb Code   414  os_sem.o(.text)
    OSSemPend                                0x08007a8b   Thumb Code   562  os_sem.o(.text)
    OSSemPendAbort                           0x08007cbd   Thumb Code   334  os_sem.o(.text)
    OS_SemPost                               0x08007e0b   Thumb Code   404  os_sem.o(.text)
    OSSemPost                                0x08007f9f   Thumb Code   162  os_sem.o(.text)
    OSSemSet                                 0x08008041   Thumb Code   128  os_sem.o(.text)
    OS_SemInit                               0x080080c1   Thumb Code    14  os_sem.o(.text)
    OSStatReset                              0x080080e1   Thumb Code   316  os_stat.o(.text)
    OSStatTaskCPUUsageInit                   0x0800821d   Thumb Code   228  os_stat.o(.text)
    OS_StatTask                              0x08008301   Thumb Code   984  os_stat.o(.text)
    OS_StatTaskInit                          0x080086d9   Thumb Code   138  os_stat.o(.text)
    OSTaskChangePrio                         0x080087bd   Thumb Code   482  os_task.o(.text)
    OS_TaskDbgListAdd                        0x0800899f   Thumb Code    42  os_task.o(.text)
    OS_TaskInitTCB                           0x080089c9   Thumb Code   194  os_task.o(.text)
    OSTaskCreate                             0x08008a8b   Thumb Code   674  os_task.o(.text)
    OS_TaskDbgListRemove                     0x08008d2d   Thumb Code    64  os_task.o(.text)
    OSTaskDel                                0x08008d6d   Thumb Code   490  os_task.o(.text)
    OSTaskQFlush                             0x08008f57   Thumb Code   302  os_task.o(.text)
    OSTaskQPend                              0x08009085   Thumb Code   572  os_task.o(.text)
    OSTaskQPendAbort                         0x080092c1   Thumb Code   288  os_task.o(.text)
    OS_TaskQPost                             0x080093e1   Thumb Code   624  os_task.o(.text)
    OSTaskQPost                              0x08009651   Thumb Code   114  os_task.o(.text)
    OSTaskRegGet                             0x080096c3   Thumb Code    86  os_task.o(.text)
    OSTaskRegGetID                           0x08009719   Thumb Code    96  os_task.o(.text)
    OSTaskRegSet                             0x08009779   Thumb Code    86  os_task.o(.text)
    OS_TaskResume                            0x080097cf   Thumb Code   398  os_task.o(.text)
    OSTaskResume                             0x0800995d   Thumb Code   124  os_task.o(.text)
    OSTaskSemPend                            0x080099d9   Thumb Code   578  os_task.o(.text)
    OSTaskSemPendAbort                       0x08009c1b   Thumb Code   342  os_task.o(.text)
    OS_TaskSemPost                           0x08009d71   Thumb Code  1438  os_task.o(.text)
    OSTaskSemPost                            0x0800a30f   Thumb Code    98  os_task.o(.text)
    OSTaskSemSet                             0x0800a371   Thumb Code    88  os_task.o(.text)
    OSTaskStkChk                             0x0800a3c9   Thumb Code   220  os_task.o(.text)
    OS_TaskSuspend                           0x0800a4a5   Thumb Code   414  os_task.o(.text)
    OSTaskSuspend                            0x0800a643   Thumb Code    78  os_task.o(.text)
    OSTaskTimeQuantaSet                      0x0800a691   Thumb Code   104  os_task.o(.text)
    OS_TaskInit                              0x0800a6f9   Thumb Code    18  os_task.o(.text)
    OS_TaskReturn                            0x0800a70b   Thumb Code    20  os_task.o(.text)
    OS_TickListRemove                        0x0800a745   Thumb Code    56  os_tick.o(.text)
    OS_TickListUpdate                        0x0800a77d   Thumb Code   520  os_tick.o(.text)
    OS_TickTask                              0x0800a985   Thumb Code    38  os_tick.o(.text)
    OS_TickListInit                          0x0800a9ab   Thumb Code    32  os_tick.o(.text)
    OS_TickTaskInit                          0x0800a9cb   Thumb Code   130  os_tick.o(.text)
    OS_TickListInsert                        0x0800aa4d   Thumb Code   502  os_tick.o(.text)
    OS_TickListResetPeak                     0x0800ac43   Thumb Code    28  os_tick.o(.text)
    OSTimeDly                                0x0800ac69   Thumb Code   322  os_time.o(.text)
    OSTimeDlyHMSM                            0x0800adab   Thumb Code   538  os_time.o(.text)
    OSTimeDlyResume                          0x0800afc5   Thumb Code   570  os_time.o(.text)
    OSTimeGet                                0x0800b1ff   Thumb Code    54  os_time.o(.text)
    OSTimeSet                                0x0800b235   Thumb Code    54  os_time.o(.text)
    OSTimeTick                               0x0800b26b   Thumb Code    54  os_time.o(.text)
    OS_TmrDbgListAdd                         0x0800b2b5   Thumb Code    34  os_tmr.o(.text)
    OSTmrCreate                              0x0800b2d7   Thumb Code   286  os_tmr.o(.text)
    OS_TmrClr                                0x0800b3f5   Thumb Code    36  os_tmr.o(.text)
    OS_TmrUnlink                             0x0800b419   Thumb Code    72  os_tmr.o(.text)
    OS_TmrDbgListRemove                      0x0800b461   Thumb Code    44  os_tmr.o(.text)
    OSTmrDel                                 0x0800b48d   Thumb Code   182  os_tmr.o(.text)
    OSTmrRemainGet                           0x0800b543   Thumb Code   188  os_tmr.o(.text)
    OS_TmrLink                               0x0800b5ff   Thumb Code   242  os_tmr.o(.text)
    OSTmrStart                               0x0800b6f1   Thumb Code   170  os_tmr.o(.text)
    OSTmrStateGet                            0x0800b79b   Thumb Code   142  os_tmr.o(.text)
    OSTmrStop                                0x0800b829   Thumb Code   246  os_tmr.o(.text)
    OS_TmrTask                               0x0800b91f   Thumb Code   176  os_tmr.o(.text)
    OS_TmrInit                               0x0800b9cf   Thumb Code   208  os_tmr.o(.text)
    OS_TmrResetPeak                          0x0800ba9f   Thumb Code    28  os_tmr.o(.text)
    OS_Dbg_Init                              0x0800bb19   Thumb Code   150  os_dbg.o(.text)
    OSIdleTaskHook                           0x0800bccd   Thumb Code    16  os_cpu_c.o(.text)
    OSInitHook                               0x0800bcdd   Thumb Code    42  os_cpu_c.o(.text)
    OSStatTaskHook                           0x0800bd07   Thumb Code    16  os_cpu_c.o(.text)
    OSTaskCreateHook                         0x0800bd17   Thumb Code    20  os_cpu_c.o(.text)
    OSTaskDelHook                            0x0800bd2b   Thumb Code    20  os_cpu_c.o(.text)
    OSTaskReturnHook                         0x0800bd3f   Thumb Code    20  os_cpu_c.o(.text)
    OSTaskStkInit                            0x0800bd53   Thumb Code   188  os_cpu_c.o(.text)
    OSTaskSwHook                             0x0800be0f   Thumb Code   146  os_cpu_c.o(.text)
    OSTimeTickHook                           0x0800bea1   Thumb Code    16  os_cpu_c.o(.text)
    OS_CPU_SysTickHandler                    0x0800beb1   Thumb Code    60  os_cpu_c.o(.text)
    OS_CPU_SysTickInit                       0x0800beed   Thumb Code    44  os_cpu_c.o(.text)
    FLASH_SetLatency                         0x0800bf59   Thumb Code    22  stm32f10x_flash.o(.text)
    FLASH_HalfCycleAccessCmd                 0x0800bf6f   Thumb Code    22  stm32f10x_flash.o(.text)
    FLASH_PrefetchBufferCmd                  0x0800bf85   Thumb Code    22  stm32f10x_flash.o(.text)
    FLASH_Unlock                             0x0800bf9b   Thumb Code    12  stm32f10x_flash.o(.text)
    FLASH_Lock                               0x0800bfa7   Thumb Code    14  stm32f10x_flash.o(.text)
    FLASH_GetStatus                          0x0800bfb5   Thumb Code    48  stm32f10x_flash.o(.text)
    FLASH_WaitForLastOperation               0x0800bfff   Thumb Code    42  stm32f10x_flash.o(.text)
    FLASH_ErasePage                          0x0800c029   Thumb Code    76  stm32f10x_flash.o(.text)
    FLASH_EraseAllPages                      0x0800c075   Thumb Code    72  stm32f10x_flash.o(.text)
    FLASH_EraseOptionBytes                   0x0800c0bd   Thumb Code   142  stm32f10x_flash.o(.text)
    FLASH_ProgramWord                        0x0800c14b   Thumb Code   100  stm32f10x_flash.o(.text)
    FLASH_ProgramHalfWord                    0x0800c1af   Thumb Code    64  stm32f10x_flash.o(.text)
    FLASH_ProgramOptionByteData              0x0800c1ef   Thumb Code    72  stm32f10x_flash.o(.text)
    FLASH_EnableWriteProtection              0x0800c237   Thumb Code   182  stm32f10x_flash.o(.text)
    FLASH_ReadOutProtection                  0x0800c2ed   Thumb Code   174  stm32f10x_flash.o(.text)
    FLASH_UserOptionByteConfig               0x0800c39b   Thumb Code    94  stm32f10x_flash.o(.text)
    FLASH_GetUserOptionByte                  0x0800c3f9   Thumb Code     8  stm32f10x_flash.o(.text)
    FLASH_GetWriteProtectionOptionByte       0x0800c401   Thumb Code     6  stm32f10x_flash.o(.text)
    FLASH_GetReadOutProtectionStatus         0x0800c407   Thumb Code    20  stm32f10x_flash.o(.text)
    FLASH_GetPrefetchBufferStatus            0x0800c41b   Thumb Code    20  stm32f10x_flash.o(.text)
    FLASH_ITConfig                           0x0800c42f   Thumb Code    26  stm32f10x_flash.o(.text)
    FLASH_GetFlagStatus                      0x0800c449   Thumb Code    42  stm32f10x_flash.o(.text)
    FLASH_ClearFlag                          0x0800c473   Thumb Code     6  stm32f10x_flash.o(.text)
    GPIO_DeInit                              0x0800c489   Thumb Code   188  stm32f10x_gpio.o(.text)
    GPIO_AFIODeInit                          0x0800c545   Thumb Code    20  stm32f10x_gpio.o(.text)
    GPIO_Init                                0x0800c559   Thumb Code   278  stm32f10x_gpio.o(.text)
    GPIO_StructInit                          0x0800c66f   Thumb Code    16  stm32f10x_gpio.o(.text)
    GPIO_ReadInputDataBit                    0x0800c67f   Thumb Code    18  stm32f10x_gpio.o(.text)
    GPIO_ReadInputData                       0x0800c691   Thumb Code     8  stm32f10x_gpio.o(.text)
    GPIO_ReadOutputDataBit                   0x0800c699   Thumb Code    18  stm32f10x_gpio.o(.text)
    GPIO_ReadOutputData                      0x0800c6ab   Thumb Code     8  stm32f10x_gpio.o(.text)
    GPIO_SetBits                             0x0800c6b3   Thumb Code     4  stm32f10x_gpio.o(.text)
    GPIO_ResetBits                           0x0800c6b7   Thumb Code     4  stm32f10x_gpio.o(.text)
    GPIO_WriteBit                            0x0800c6bb   Thumb Code    10  stm32f10x_gpio.o(.text)
    GPIO_Write                               0x0800c6c5   Thumb Code     4  stm32f10x_gpio.o(.text)
    GPIO_PinLockConfig                       0x0800c6c9   Thumb Code    18  stm32f10x_gpio.o(.text)
    GPIO_EventOutputConfig                   0x0800c6db   Thumb Code    26  stm32f10x_gpio.o(.text)
    GPIO_EventOutputCmd                      0x0800c6f5   Thumb Code     6  stm32f10x_gpio.o(.text)
    GPIO_PinRemapConfig                      0x0800c6fb   Thumb Code   106  stm32f10x_gpio.o(.text)
    GPIO_EXTILineConfig                      0x0800c765   Thumb Code    66  stm32f10x_gpio.o(.text)
    GPIO_ETH_MediaInterfaceConfig            0x0800c7a7   Thumb Code     8  stm32f10x_gpio.o(.text)
    RCC_DeInit                               0x0800c7c1   Thumb Code    62  stm32f10x_rcc.o(.text)
    RCC_HSEConfig                            0x0800c7ff   Thumb Code    70  stm32f10x_rcc.o(.text)
    RCC_GetFlagStatus                        0x0800c845   Thumb Code    56  stm32f10x_rcc.o(.text)
    RCC_WaitForHSEStartUp                    0x0800c87d   Thumb Code    54  stm32f10x_rcc.o(.text)
    RCC_AdjustHSICalibrationValue            0x0800c8b3   Thumb Code    20  stm32f10x_rcc.o(.text)
    RCC_HSICmd                               0x0800c8c7   Thumb Code     6  stm32f10x_rcc.o(.text)
    RCC_PLLConfig                            0x0800c8cd   Thumb Code    24  stm32f10x_rcc.o(.text)
    RCC_PLLCmd                               0x0800c8e5   Thumb Code     6  stm32f10x_rcc.o(.text)
    RCC_PREDIV1Config                        0x0800c8eb   Thumb Code    24  stm32f10x_rcc.o(.text)
    RCC_PREDIV2Config                        0x0800c903   Thumb Code    18  stm32f10x_rcc.o(.text)
    RCC_PLL1Config                           0x0800c915   Thumb Code    24  stm32f10x_rcc.o(.text)
    RCC_PLL1Cmd                              0x0800c92d   Thumb Code     6  stm32f10x_rcc.o(.text)
    RCC_PLL2Config                           0x0800c933   Thumb Code    18  stm32f10x_rcc.o(.text)
    RCC_PLL2Cmd                              0x0800c945   Thumb Code     6  stm32f10x_rcc.o(.text)
    RCC_PLL3Config                           0x0800c94b   Thumb Code    18  stm32f10x_rcc.o(.text)
    RCC_PLL3Cmd                              0x0800c95d   Thumb Code     6  stm32f10x_rcc.o(.text)
    RCC_SYSCLKConfig                         0x0800c963   Thumb Code    18  stm32f10x_rcc.o(.text)
    RCC_GetSYSCLKSource                      0x0800c975   Thumb Code    10  stm32f10x_rcc.o(.text)
    RCC_HCLKConfig                           0x0800c97f   Thumb Code    18  stm32f10x_rcc.o(.text)
    RCC_PCLK1Config                          0x0800c991   Thumb Code    18  stm32f10x_rcc.o(.text)
    RCC_PCLK2Config                          0x0800c9a3   Thumb Code    20  stm32f10x_rcc.o(.text)
    RCC_ITConfig                             0x0800c9b7   Thumb Code    26  stm32f10x_rcc.o(.text)
    RCC_USBCLKConfig                         0x0800c9d1   Thumb Code     8  stm32f10x_rcc.o(.text)
    RCC_ADCCLKConfig                         0x0800c9d9   Thumb Code    18  stm32f10x_rcc.o(.text)
    RCC_OTGFSCLKConfig                       0x0800c9eb   Thumb Code     8  stm32f10x_rcc.o(.text)
    RCC_I2S2CLKConfig                        0x0800c9f3   Thumb Code     6  stm32f10x_rcc.o(.text)
    RCC_I2S3CLKConfig                        0x0800c9f9   Thumb Code     8  stm32f10x_rcc.o(.text)
    RCC_LSEConfig                            0x0800ca01   Thumb Code    50  stm32f10x_rcc.o(.text)
    RCC_LSICmd                               0x0800ca33   Thumb Code     6  stm32f10x_rcc.o(.text)
    RCC_RTCCLKConfig                         0x0800ca39   Thumb Code    12  stm32f10x_rcc.o(.text)
    RCC_RTCCLKCmd                            0x0800ca45   Thumb Code     8  stm32f10x_rcc.o(.text)
    RCC_GetClocksFreq                        0x0800ca4d   Thumb Code   420  stm32f10x_rcc.o(.text)
    RCC_AHBPeriphClockCmd                    0x0800cbf1   Thumb Code    26  stm32f10x_rcc.o(.text)
    RCC_APB2PeriphClockCmd                   0x0800cc0b   Thumb Code    26  stm32f10x_rcc.o(.text)
    RCC_APB1PeriphClockCmd                   0x0800cc25   Thumb Code    26  stm32f10x_rcc.o(.text)
    RCC_AHBPeriphResetCmd                    0x0800cc3f   Thumb Code    26  stm32f10x_rcc.o(.text)
    RCC_APB2PeriphResetCmd                   0x0800cc59   Thumb Code    26  stm32f10x_rcc.o(.text)
    RCC_APB1PeriphResetCmd                   0x0800cc73   Thumb Code    26  stm32f10x_rcc.o(.text)
    RCC_BackupResetCmd                       0x0800cc8d   Thumb Code     6  stm32f10x_rcc.o(.text)
    RCC_ClockSecuritySystemCmd               0x0800cc93   Thumb Code     6  stm32f10x_rcc.o(.text)
    RCC_MCOConfig                            0x0800cc99   Thumb Code     6  stm32f10x_rcc.o(.text)
    RCC_ClearFlag                            0x0800cc9f   Thumb Code    14  stm32f10x_rcc.o(.text)
    RCC_GetITStatus                          0x0800ccad   Thumb Code    20  stm32f10x_rcc.o(.text)
    RCC_ClearITPendingBit                    0x0800ccc1   Thumb Code     6  stm32f10x_rcc.o(.text)
    USART_DeInit                             0x0800ccd5   Thumb Code   146  stm32f10x_usart.o(.text)
    USART_Init                               0x0800cd67   Thumb Code   150  stm32f10x_usart.o(.text)
    USART_StructInit                         0x0800cdfd   Thumb Code    24  stm32f10x_usart.o(.text)
    USART_ClockInit                          0x0800ce15   Thumb Code    34  stm32f10x_usart.o(.text)
    USART_ClockStructInit                    0x0800ce37   Thumb Code    12  stm32f10x_usart.o(.text)
    USART_Cmd                                0x0800ce43   Thumb Code    24  stm32f10x_usart.o(.text)
    USART_ITConfig                           0x0800ce5b   Thumb Code    64  stm32f10x_usart.o(.text)
    USART_DMACmd                             0x0800ce9b   Thumb Code    18  stm32f10x_usart.o(.text)
    USART_SetAddress                         0x0800cead   Thumb Code    18  stm32f10x_usart.o(.text)
    USART_WakeUpConfig                       0x0800cebf   Thumb Code    18  stm32f10x_usart.o(.text)
    USART_ReceiverWakeUpCmd                  0x0800ced1   Thumb Code    24  stm32f10x_usart.o(.text)
    USART_LINBreakDetectLengthConfig         0x0800cee9   Thumb Code    18  stm32f10x_usart.o(.text)
    USART_LINCmd                             0x0800cefb   Thumb Code    24  stm32f10x_usart.o(.text)
    USART_SendData                           0x0800cf13   Thumb Code     8  stm32f10x_usart.o(.text)
    USART_ReceiveData                        0x0800cf1b   Thumb Code    10  stm32f10x_usart.o(.text)
    USART_SendBreak                          0x0800cf25   Thumb Code    10  stm32f10x_usart.o(.text)
    USART_SetGuardTime                       0x0800cf2f   Thumb Code    16  stm32f10x_usart.o(.text)
    USART_SetPrescaler                       0x0800cf3f   Thumb Code    16  stm32f10x_usart.o(.text)
    USART_SmartCardCmd                       0x0800cf4f   Thumb Code    24  stm32f10x_usart.o(.text)
    USART_SmartCardNACKCmd                   0x0800cf67   Thumb Code    24  stm32f10x_usart.o(.text)
    USART_HalfDuplexCmd                      0x0800cf7f   Thumb Code    24  stm32f10x_usart.o(.text)
    USART_IrDAConfig                         0x0800cf97   Thumb Code    18  stm32f10x_usart.o(.text)
    USART_IrDACmd                            0x0800cfa9   Thumb Code    24  stm32f10x_usart.o(.text)
    USART_GetFlagStatus                      0x0800cfc1   Thumb Code    18  stm32f10x_usart.o(.text)
    USART_ClearFlag                          0x0800cfd3   Thumb Code     6  stm32f10x_usart.o(.text)
    USART_GetITStatus                        0x0800cfd9   Thumb Code    76  stm32f10x_usart.o(.text)
    USART_ClearITPendingBit                  0x0800d025   Thumb Code    20  stm32f10x_usart.o(.text)
    __aeabi_uidiv                            0x0800d045   Thumb Code     0  uidiv.o(.text)
    __aeabi_uidivmod                         0x0800d045   Thumb Code    44  uidiv.o(.text)
    __aeabi_uldivmod                         0x0800d071   Thumb Code    98  uldiv.o(.text)
    __I$use$fp                               0x0800d0d3   Thumb Code     0  iusefp.o(.text)
    __aeabi_dadd                             0x0800d0d3   Thumb Code   322  dadd.o(.text)
    __aeabi_dsub                             0x0800d215   Thumb Code     6  dadd.o(.text)
    __aeabi_drsub                            0x0800d21b   Thumb Code     6  dadd.o(.text)
    __aeabi_dmul                             0x0800d221   Thumb Code   228  dmul.o(.text)
    __aeabi_ddiv                             0x0800d305   Thumb Code   222  ddiv.o(.text)
    __aeabi_d2ulz                            0x0800d3e3   Thumb Code    48  dfixul.o(.text)
    __aeabi_cdrcmple                         0x0800d415   Thumb Code    48  cdrcmple.o(.text)
    __scatterload                            0x0800d445   Thumb Code    28  init.o(.text)
    __scatterload_rt2                        0x0800d445   Thumb Code     0  init.o(.text)
    __aeabi_llsl                             0x0800d469   Thumb Code    30  llshl.o(.text)
    _ll_shift_l                              0x0800d469   Thumb Code     0  llshl.o(.text)
    __aeabi_llsr                             0x0800d487   Thumb Code    32  llushr.o(.text)
    _ll_ushift_r                             0x0800d487   Thumb Code     0  llushr.o(.text)
    __aeabi_lasr                             0x0800d4a7   Thumb Code    36  llsshr.o(.text)
    _ll_sshift_r                             0x0800d4a7   Thumb Code     0  llsshr.o(.text)
    _double_round                            0x0800d4cb   Thumb Code    30  depilogue.o(.text)
    _double_epilogue                         0x0800d4e9   Thumb Code   156  depilogue.o(.text)
    OSStartHighRdy                           0x0800d585   Thumb Code     0  os_cpu_a.o(CODE)
    OS_CPU_PendSVHandler                     0x0800d5a7   Thumb Code     0  os_cpu_a.o(CODE)
    __0vsnprintf                             0x0800d609   Thumb Code    40  printfa.o(i.__0vsnprintf)
    __1vsnprintf                             0x0800d609   Thumb Code     0  printfa.o(i.__0vsnprintf)
    __2vsnprintf                             0x0800d609   Thumb Code     0  printfa.o(i.__0vsnprintf)
    __c89vsnprintf                           0x0800d609   Thumb Code     0  printfa.o(i.__0vsnprintf)
    vsnprintf                                0x0800d609   Thumb Code     0  printfa.o(i.__0vsnprintf)
    __scatterload_copy                       0x0800d635   Thumb Code    14  handlers.o(i.__scatterload_copy)
    __scatterload_null                       0x0800d643   Thumb Code     2  handlers.o(i.__scatterload_null)
    __scatterload_zeroinit                   0x0800d645   Thumb Code    14  handlers.o(i.__scatterload_zeroinit)
    OSCfg_IdleTaskStkBasePtr                 0x0800e0b0   Data           4  os_cfg_app.o(.constdata)
    OSCfg_IdleTaskStkLimit                   0x0800e0b4   Data           4  os_cfg_app.o(.constdata)
    OSCfg_IdleTaskStkSize                    0x0800e0b8   Data           4  os_cfg_app.o(.constdata)
    OSCfg_IdleTaskStkSizeRAM                 0x0800e0bc   Data           4  os_cfg_app.o(.constdata)
    OSCfg_IntQBasePtr                        0x0800e0c0   Data           4  os_cfg_app.o(.constdata)
    OSCfg_IntQSize                           0x0800e0c4   Data           2  os_cfg_app.o(.constdata)
    OSCfg_IntQSizeRAM                        0x0800e0c8   Data           4  os_cfg_app.o(.constdata)
    OSCfg_IntQTaskStkBasePtr                 0x0800e0cc   Data           4  os_cfg_app.o(.constdata)
    OSCfg_IntQTaskStkLimit                   0x0800e0d0   Data           4  os_cfg_app.o(.constdata)
    OSCfg_IntQTaskStkSize                    0x0800e0d4   Data           4  os_cfg_app.o(.constdata)
    OSCfg_IntQTaskStkSizeRAM                 0x0800e0d8   Data           4  os_cfg_app.o(.constdata)
    OSCfg_ISRStkBasePtr                      0x0800e0dc   Data           4  os_cfg_app.o(.constdata)
    OSCfg_ISRStkSize                         0x0800e0e0   Data           4  os_cfg_app.o(.constdata)
    OSCfg_ISRStkSizeRAM                      0x0800e0e4   Data           4  os_cfg_app.o(.constdata)
    OSCfg_MsgPoolSize                        0x0800e0e8   Data           2  os_cfg_app.o(.constdata)
    OSCfg_MsgPoolSizeRAM                     0x0800e0ec   Data           4  os_cfg_app.o(.constdata)
    OSCfg_MsgPoolBasePtr                     0x0800e0f0   Data           4  os_cfg_app.o(.constdata)
    OSCfg_StatTaskPrio                       0x0800e0f4   Data           1  os_cfg_app.o(.constdata)
    OSCfg_StatTaskRate_Hz                    0x0800e0f8   Data           4  os_cfg_app.o(.constdata)
    OSCfg_StatTaskStkBasePtr                 0x0800e0fc   Data           4  os_cfg_app.o(.constdata)
    OSCfg_StatTaskStkLimit                   0x0800e100   Data           4  os_cfg_app.o(.constdata)
    OSCfg_StatTaskStkSize                    0x0800e104   Data           4  os_cfg_app.o(.constdata)
    OSCfg_StatTaskStkSizeRAM                 0x0800e108   Data           4  os_cfg_app.o(.constdata)
    OSCfg_StkSizeMin                         0x0800e10c   Data           4  os_cfg_app.o(.constdata)
    OSCfg_TickRate_Hz                        0x0800e110   Data           4  os_cfg_app.o(.constdata)
    OSCfg_TickTaskPrio                       0x0800e114   Data           1  os_cfg_app.o(.constdata)
    OSCfg_TickTaskStkBasePtr                 0x0800e118   Data           4  os_cfg_app.o(.constdata)
    OSCfg_TickTaskStkLimit                   0x0800e11c   Data           4  os_cfg_app.o(.constdata)
    OSCfg_TickTaskStkSize                    0x0800e120   Data           4  os_cfg_app.o(.constdata)
    OSCfg_TickTaskStkSizeRAM                 0x0800e124   Data           4  os_cfg_app.o(.constdata)
    OSCfg_TickWheelSize                      0x0800e128   Data           2  os_cfg_app.o(.constdata)
    OSCfg_TickWheelSizeRAM                   0x0800e12c   Data           4  os_cfg_app.o(.constdata)
    OSCfg_TmrTaskPrio                        0x0800e130   Data           1  os_cfg_app.o(.constdata)
    OSCfg_TmrTaskRate_Hz                     0x0800e134   Data           4  os_cfg_app.o(.constdata)
    OSCfg_TmrTaskStkBasePtr                  0x0800e138   Data           4  os_cfg_app.o(.constdata)
    OSCfg_TmrTaskStkLimit                    0x0800e13c   Data           4  os_cfg_app.o(.constdata)
    OSCfg_TmrTaskStkSize                     0x0800e140   Data           4  os_cfg_app.o(.constdata)
    OSCfg_TmrTaskStkSizeRAM                  0x0800e144   Data           4  os_cfg_app.o(.constdata)
    OSCfg_TmrWheelSize                       0x0800e148   Data           2  os_cfg_app.o(.constdata)
    OSCfg_TmrWheelSizeRAM                    0x0800e14c   Data           4  os_cfg_app.o(.constdata)
    OSCfg_DataSizeRAM                        0x0800e150   Data           4  os_cfg_app.o(.constdata)
    OSDbg_DbgEn                              0x0800e154   Data           1  os_dbg.o(.constdata)
    OSDbg_ArgChkEn                           0x0800e155   Data           1  os_dbg.o(.constdata)
    OSDbg_AppHooksEn                         0x0800e156   Data           1  os_dbg.o(.constdata)
    OSDbg_EndiannessTest                     0x0800e158   Data           4  os_dbg.o(.constdata)
    OSDbg_CalledFromISRChkEn                 0x0800e15c   Data           1  os_dbg.o(.constdata)
    OSDbg_FlagEn                             0x0800e15d   Data           1  os_dbg.o(.constdata)
    OSDbg_FlagGrp                            0x0800e160   Data          40  os_dbg.o(.constdata)
    OSDbg_FlagDelEn                          0x0800e188   Data           1  os_dbg.o(.constdata)
    OSDbg_FlagModeClrEn                      0x0800e189   Data           1  os_dbg.o(.constdata)
    OSDbg_FlagPendAbortEn                    0x0800e18a   Data           1  os_dbg.o(.constdata)
    OSDbg_FlagGrpSize                        0x0800e18c   Data           2  os_dbg.o(.constdata)
    OSDbg_FlagWidth                          0x0800e18e   Data           2  os_dbg.o(.constdata)
    OSDbg_IntQ                               0x0800e190   Data           2  os_dbg.o(.constdata)
    OSDbg_ISRPostDeferredEn                  0x0800e192   Data           1  os_dbg.o(.constdata)
    OSDbg_Mem                                0x0800e194   Data          32  os_dbg.o(.constdata)
    OSDbg_MemEn                              0x0800e1b4   Data           1  os_dbg.o(.constdata)
    OSDbg_MemSize                            0x0800e1b6   Data           2  os_dbg.o(.constdata)
    OSDbg_MsgEn                              0x0800e1b8   Data           1  os_dbg.o(.constdata)
    OSDbg_MsgSize                            0x0800e1ba   Data           2  os_dbg.o(.constdata)
    OSDbg_MsgPoolSize                        0x0800e1bc   Data           2  os_dbg.o(.constdata)
    OSDbg_MsgQSize                           0x0800e1be   Data           2  os_dbg.o(.constdata)
    OSDbg_Mutex                              0x0800e1c0   Data          44  os_dbg.o(.constdata)
    OSDbg_MutexEn                            0x0800e1ec   Data           1  os_dbg.o(.constdata)
    OSDbg_MutexDelEn                         0x0800e1ed   Data           1  os_dbg.o(.constdata)
    OSDbg_MutexPendAbortEn                   0x0800e1ee   Data           1  os_dbg.o(.constdata)
    OSDbg_MutexSize                          0x0800e1f0   Data           2  os_dbg.o(.constdata)
    OSDbg_ObjTypeChkEn                       0x0800e1f2   Data           1  os_dbg.o(.constdata)
    OSDbg_PendMultiEn                        0x0800e1f3   Data           1  os_dbg.o(.constdata)
    OSDbg_PendDataSize                       0x0800e1f4   Data           2  os_dbg.o(.constdata)
    OSDbg_PendListSize                       0x0800e1f6   Data           2  os_dbg.o(.constdata)
    OSDbg_PendObjSize                        0x0800e1f8   Data           2  os_dbg.o(.constdata)
    OSDbg_PrioMax                            0x0800e1fa   Data           2  os_dbg.o(.constdata)
    OSDbg_PrioTblSize                        0x0800e1fc   Data           2  os_dbg.o(.constdata)
    OSDbg_PtrSize                            0x0800e1fe   Data           2  os_dbg.o(.constdata)
    OSDbg_Q                                  0x0800e200   Data          48  os_dbg.o(.constdata)
    OSDbg_QEn                                0x0800e230   Data           1  os_dbg.o(.constdata)
    OSDbg_QDelEn                             0x0800e231   Data           1  os_dbg.o(.constdata)
    OSDbg_QFlushEn                           0x0800e232   Data           1  os_dbg.o(.constdata)
    OSDbg_QPendAbortEn                       0x0800e233   Data           1  os_dbg.o(.constdata)
    OSDbg_QSize                              0x0800e234   Data           2  os_dbg.o(.constdata)
    OSDbg_SchedRoundRobinEn                  0x0800e236   Data           1  os_dbg.o(.constdata)
    OSDbg_Sem                                0x0800e238   Data          40  os_dbg.o(.constdata)
    OSDbg_SemEn                              0x0800e260   Data           1  os_dbg.o(.constdata)
    OSDbg_SemDelEn                           0x0800e261   Data           1  os_dbg.o(.constdata)
    OSDbg_SemPendAbortEn                     0x0800e262   Data           1  os_dbg.o(.constdata)
    OSDbg_SemSetEn                           0x0800e263   Data           1  os_dbg.o(.constdata)
    OSDbg_SemSize                            0x0800e264   Data           2  os_dbg.o(.constdata)
    OSDbg_RdyList                            0x0800e266   Data           2  os_dbg.o(.constdata)
    OSDbg_RdyListSize                        0x0800e268   Data           4  os_dbg.o(.constdata)
    OSDbg_StkWidth                           0x0800e26c   Data           1  os_dbg.o(.constdata)
    OSDbg_StatTaskEn                         0x0800e26d   Data           1  os_dbg.o(.constdata)
    OSDbg_StatTaskStkChkEn                   0x0800e26e   Data           1  os_dbg.o(.constdata)
    OSDbg_TaskChangePrioEn                   0x0800e26f   Data           1  os_dbg.o(.constdata)
    OSDbg_TaskDelEn                          0x0800e270   Data           1  os_dbg.o(.constdata)
    OSDbg_TaskQEn                            0x0800e271   Data           1  os_dbg.o(.constdata)
    OSDbg_TaskQPendAbortEn                   0x0800e272   Data           1  os_dbg.o(.constdata)
    OSDbg_TaskProfileEn                      0x0800e273   Data           1  os_dbg.o(.constdata)
    OSDbg_TaskRegTblSize                     0x0800e274   Data           2  os_dbg.o(.constdata)
    OSDbg_TaskSemPendAbortEn                 0x0800e276   Data           1  os_dbg.o(.constdata)
    OSDbg_TaskSuspendEn                      0x0800e277   Data           1  os_dbg.o(.constdata)
    OSDbg_TCBSize                            0x0800e278   Data           2  os_dbg.o(.constdata)
    OSDbg_TickSpokeSize                      0x0800e27a   Data           2  os_dbg.o(.constdata)
    OSDbg_TimeDlyHMSMEn                      0x0800e27c   Data           1  os_dbg.o(.constdata)
    OSDbg_TimeDlyResumeEn                    0x0800e27d   Data           1  os_dbg.o(.constdata)
    OSDbg_TLS_TblSize                        0x0800e27e   Data           2  os_dbg.o(.constdata)
    OSDbg_Tmr                                0x0800e280   Data          52  os_dbg.o(.constdata)
    OSDbg_TmrEn                              0x0800e2b4   Data           1  os_dbg.o(.constdata)
    OSDbg_TmrDelEn                           0x0800e2b5   Data           1  os_dbg.o(.constdata)
    OSDbg_TmrSize                            0x0800e2b6   Data           2  os_dbg.o(.constdata)
    OSDbg_TmrSpokeSize                       0x0800e2b8   Data           2  os_dbg.o(.constdata)
    OSDbg_VersionNbr                         0x0800e2ba   Data           2  os_dbg.o(.constdata)
    OSDbg_DataSize                           0x0800e2bc   Data           4  os_dbg.o(.constdata)
    Region$$Table$$Base                      0x0800e2d4   Number         0  anon$$obj.o(Region$$Table)
    Region$$Table$$Limit                     0x0800e2f4   Number         0  anon$$obj.o(Region$$Table)
    BSP_CPU_ClkFreq_MHz                      0x20000000   Data           4  bsp.o(.data)
    CPU_TS_TmrFreq_Hz                        0x20000008   Data           4  cpu_core.o(.data)
    CPU_IntDisMeasCtr                        0x2000000c   Data           2  cpu_core.o(.data)
    CPU_IntDisNestCtr                        0x2000000e   Data           2  cpu_core.o(.data)
    CPU_IntDisMeasStart_cnts                 0x20000010   Data           4  cpu_core.o(.data)
    CPU_IntDisMeasStop_cnts                  0x20000014   Data           4  cpu_core.o(.data)
    CPU_IntDisMeasOvrhd_cnts                 0x20000018   Data           4  cpu_core.o(.data)
    CPU_IntDisMeasMaxCur_cnts                0x2000001c   Data           4  cpu_core.o(.data)
    CPU_IntDisMeasMax_cnts                   0x20000020   Data           4  cpu_core.o(.data)
    Mem_PoolTbl                              0x20000024   Data           4  lib_mem.o(.data)
    OSPrioTbl                                0x20000028   Data           4  os_prio.o(.data)
    OS_AppTaskCreateHookPtr                  0x2000002c   Data           4  os_var.o(.data)
    OS_AppTaskDelHookPtr                     0x20000030   Data           4  os_var.o(.data)
    OS_AppTaskReturnHookPtr                  0x20000034   Data           4  os_var.o(.data)
    OS_AppIdleTaskHookPtr                    0x20000038   Data           4  os_var.o(.data)
    OS_AppStatTaskHookPtr                    0x2000003c   Data           4  os_var.o(.data)
    OS_AppTaskSwHookPtr                      0x20000040   Data           4  os_var.o(.data)
    OS_AppTimeTickHookPtr                    0x20000044   Data           4  os_var.o(.data)
    OSIdleTaskCtr                            0x20000048   Data           4  os_var.o(.data)
    OSIntNestingCtr                          0x2000004c   Data           1  os_var.o(.data)
    OSIntDisTimeMax                          0x20000050   Data           4  os_var.o(.data)
    OSRunning                                0x20000054   Data           1  os_var.o(.data)
    OSIntQInPtr                              0x20000058   Data           4  os_var.o(.data)
    OSIntQOutPtr                             0x2000005c   Data           4  os_var.o(.data)
    OSIntQNbrEntries                         0x20000060   Data           2  os_var.o(.data)
    OSIntQNbrEntriesMax                      0x20000062   Data           2  os_var.o(.data)
    OSIntQOvfCtr                             0x20000064   Data           2  os_var.o(.data)
    OSIntQTaskTimeMax                        0x20000068   Data           4  os_var.o(.data)
    OSFlagDbgListPtr                         0x2000006c   Data           4  os_var.o(.data)
    OSFlagQty                                0x20000070   Data           2  os_var.o(.data)
    OSMemDbgListPtr                          0x20000074   Data           4  os_var.o(.data)
    OSMemQty                                 0x20000078   Data           2  os_var.o(.data)
    OSMutexDbgListPtr                        0x2000007c   Data           4  os_var.o(.data)
    OSMutexQty                               0x20000080   Data           2  os_var.o(.data)
    OSPrioCur                                0x20000082   Data           1  os_var.o(.data)
    OSPrioHighRdy                            0x20000083   Data           1  os_var.o(.data)
    OSPrioSaved                              0x20000084   Data           1  os_var.o(.data)
    OSQDbgListPtr                            0x20000088   Data           4  os_var.o(.data)
    OSQQty                                   0x2000008c   Data           2  os_var.o(.data)
    OSSchedLockTimeBegin                     0x20000090   Data           4  os_var.o(.data)
    OSSchedLockTimeMax                       0x20000094   Data           4  os_var.o(.data)
    OSSchedLockTimeMaxCur                    0x20000098   Data           4  os_var.o(.data)
    OSSchedLockNestingCtr                    0x2000009c   Data           1  os_var.o(.data)
    OSSchedRoundRobinDfltTimeQuanta          0x200000a0   Data           4  os_var.o(.data)
    OSSchedRoundRobinEn                      0x200000a4   Data           1  os_var.o(.data)
    OSSemDbgListPtr                          0x200000a8   Data           4  os_var.o(.data)
    OSSemQty                                 0x200000ac   Data           2  os_var.o(.data)
    OSStatResetFlag                          0x200000ae   Data           1  os_var.o(.data)
    OSStatTaskCPUUsage                       0x200000b0   Data           2  os_var.o(.data)
    OSStatTaskCPUUsageMax                    0x200000b2   Data           2  os_var.o(.data)
    OSStatTaskCtr                            0x200000b4   Data           4  os_var.o(.data)
    OSStatTaskCtrMax                         0x200000b8   Data           4  os_var.o(.data)
    OSStatTaskCtrRun                         0x200000bc   Data           4  os_var.o(.data)
    OSStatTaskRdy                            0x200000c0   Data           1  os_var.o(.data)
    OSStatTaskTimeMax                        0x200000c4   Data           4  os_var.o(.data)
    OSTaskCtxSwCtr                           0x200000c8   Data           4  os_var.o(.data)
    OSTaskDbgListPtr                         0x200000cc   Data           4  os_var.o(.data)
    OSTaskQty                                0x200000d0   Data           2  os_var.o(.data)
    OSTaskRegNextAvailID                     0x200000d2   Data           1  os_var.o(.data)
    OSTickCtr                                0x200000d4   Data           4  os_var.o(.data)
    OSTickTaskTimeMax                        0x200000d8   Data           4  os_var.o(.data)
    OSTmrDbgListPtr                          0x200000dc   Data           4  os_var.o(.data)
    OSTmrQty                                 0x200000e0   Data           2  os_var.o(.data)
    OSTmrTaskTimeMax                         0x200000e4   Data           4  os_var.o(.data)
    OSTmrTickCtr                             0x200000e8   Data           4  os_var.o(.data)
    OSTmrUpdateCnt                           0x200000ec   Data           4  os_var.o(.data)
    OSTmrUpdateCtr                           0x200000f0   Data           4  os_var.o(.data)
    OSTCBCurPtr                              0x200000f4   Data           4  os_var.o(.data)
    OSTCBHighRdyPtr                          0x200000f8   Data           4  os_var.o(.data)
    OS_CPU_ExceptStkBase                     0x200000fc   Data           4  os_cpu_c.o(.data)
    CPU_Name                                 0x20000550   Data          16  cpu_core.o(.bss)
    Mem_PoolHeap                             0x20000560   Data          72  lib_mem.o(.bss)
    Mem_Heap                                 0x200005a8   Data       27648  lib_mem.o(.bss)
    OSCfg_IdleTaskStk                        0x200071a8   Data         512  os_cfg_app.o(.bss)
    OSCfg_IntQ                               0x200073a8   Data         320  os_cfg_app.o(.bss)
    OSCfg_IntQTaskStk                        0x200074e8   Data         512  os_cfg_app.o(.bss)
    OSCfg_ISRStk                             0x200076e8   Data         512  os_cfg_app.o(.bss)
    OSCfg_MsgPool                            0x200078e8   Data        1600  os_cfg_app.o(.bss)
    OSCfg_StatTaskStk                        0x20007f28   Data         512  os_cfg_app.o(.bss)
    OSCfg_TickTaskStk                        0x20008128   Data         512  os_cfg_app.o(.bss)
    OSCfg_TickWheel                          0x20008328   Data         136  os_cfg_app.o(.bss)
    OSCfg_TmrTaskStk                         0x200083b0   Data         512  os_cfg_app.o(.bss)
    OSCfg_TmrWheel                           0x200085b0   Data         136  os_cfg_app.o(.bss)
    OSIdleTaskTCB                            0x20008638   Data         200  os_var.o(.bss)
    OSIntQTaskTCB                            0x20008700   Data         200  os_var.o(.bss)
    OSMsgPool                                0x200087c8   Data          12  os_var.o(.bss)
    OSRdyList                                0x200087d4   Data         384  os_var.o(.bss)
    OSStatTaskTCB                            0x20008954   Data         200  os_var.o(.bss)
    OSTickTaskTCB                            0x20008a1c   Data         200  os_var.o(.bss)
    OSTmrTaskTCB                             0x20008ae4   Data         200  os_var.o(.bss)
    __initial_sp                             0x20008db0   Data           0  cstartup.o(STACK)



==============================================================================

Memory Map of the image

  Image Entry point : 0x08000151

  Load Region LR_IROM1 (Base: 0x08000000, Size: 0x0000e3f4, Max: 0x00040000, ABSOLUTE)

    Execution Region ER_IROM1 (Exec base: 0x08000000, Load base: 0x08000000, Size: 0x0000e2f4, Max: 0x00040000, ABSOLUTE)

    Exec Addr    Load Addr    Size         Type   Attr      Idx    E Section Name        Object

    0x08000000   0x08000000   0x00000150   Data   RO          314    RESET               cstartup.o
    0x08000150   0x08000150   0x00000000   Code   RO          956  * .ARM.Collect$$$$00000000  mc_w.l(entry.o)
    0x08000150   0x08000150   0x00000004   Code   RO          987    .ARM.Collect$$$$00000001  mc_w.l(entry2.o)
    0x08000154   0x08000154   0x00000004   Code   RO          990    .ARM.Collect$$$$00000004  mc_w.l(entry5.o)
    0x08000158   0x08000158   0x00000000   Code   RO          992    .ARM.Collect$$$$00000008  mc_w.l(entry7b.o)
    0x08000158   0x08000158   0x00000000   Code   RO          994    .ARM.Collect$$$$0000000A  mc_w.l(entry8b.o)
    0x08000158   0x08000158   0x00000008   Code   RO          995    .ARM.Collect$$$$0000000B  mc_w.l(entry9a.o)
    0x08000160   0x08000160   0x00000000   Code   RO          997    .ARM.Collect$$$$0000000D  mc_w.l(entry10a.o)
    0x08000160   0x08000160   0x00000000   Code   RO          999    .ARM.Collect$$$$0000000F  mc_w.l(entry11a.o)
    0x08000160   0x08000160   0x00000004   Code   RO          988    .ARM.Collect$$$$00002712  mc_w.l(entry2.o)
    0x08000164   0x08000164   0x0000011c   Code   RO            1    .text               app.o
    0x08000280   0x08000280   0x000002a0   Code   RO          196    .text               bsp.o
    0x08000520   0x08000520   0x0000036c   Code   RO          231    .text               bsp_int.o
    0x0800088c   0x0800088c   0x00000300   Code   RO          245    .text               bsp_periph.o
    0x08000b8c   0x08000b8c   0x00000348   Code   RO          257    .text               bsp_ser.o
    0x08000ed4   0x08000ed4   0x000000b4   Code   RO          297    .text               bsp_os.o
    0x08000f88   0x08000f88   0x00000018   Code   RO          315    .text               cstartup.o
    0x08000fa0   0x08000fa0   0x0000043c   Code   RO          320    .text               cpu_core.o
    0x080013dc   0x080013dc   0x00000034   Code   RO          346    .text               cpu_a.o
    0x08001410   0x08001410   0x00000854   Code   RO          349    .text               cpu_c.o
    0x08001c64   0x08001c64   0x00000256   Code   RO          361    .text               lib_ascii.o
    0x08001eba   0x08001eba   0x00000002   PAD
    0x08001ebc   0x08001ebc   0x00000f8c   Code   RO          394    .text               lib_mem.o
    0x08002e48   0x08002e48   0x00000928   Code   RO          413    .text               lib_str.o
    0x08003770   0x08003770   0x00000220   Code   RO          430    .text               lib_mem_a.o
    0x08003990   0x08003990   0x00000002   Code   RO          433    .text               os_cfg_app.o
    0x08003992   0x08003992   0x00000002   PAD
    0x08003994   0x08003994   0x00000e50   Code   RO          456    .text               os_core.o
    0x080047e4   0x080047e4   0x0000100c   Code   RO          468    .text               os_flag.o
    0x080057f0   0x080057f0   0x00000460   Code   RO          480    .text               os_int.o
    0x08005c50   0x08005c50   0x00000278   Code   RO          492    .text               os_mem.o
    0x08005ec8   0x08005ec8   0x00000228   Code   RO          504    .text               os_msg.o
    0x080060f0   0x080060f0   0x00000c40   Code   RO          516    .text               os_mutex.o
    0x08006d30   0x08006d30   0x0000007c   Code   RO          540    .text               os_prio.o
    0x08006dac   0x08006dac   0x00000a00   Code   RO          559    .text               os_q.o
    0x080077ac   0x080077ac   0x00000934   Code   RO          571    .text               os_sem.o
    0x080080e0   0x080080e0   0x000006dc   Code   RO          583    .text               os_stat.o
    0x080087bc   0x080087bc   0x00001f88   Code   RO          595    .text               os_task.o
    0x0800a744   0x0800a744   0x00000524   Code   RO          607    .text               os_tick.o
    0x0800ac68   0x0800ac68   0x0000064c   Code   RO          619    .text               os_time.o
    0x0800b2b4   0x0800b2b4   0x00000864   Code   RO          631    .text               os_tmr.o
    0x0800bb18   0x0800bb18   0x000001b4   Code   RO          657    .text               os_dbg.o
    0x0800bccc   0x0800bccc   0x0000028c   Code   RO          675    .text               os_cpu_c.o
    0x0800bf58   0x0800bf58   0x00000530   Code   RO          789    .text               stm32f10x_flash.o
    0x0800c488   0x0800c488   0x00000338   Code   RO          813    .text               stm32f10x_gpio.o
    0x0800c7c0   0x0800c7c0   0x00000514   Code   RO          858    .text               stm32f10x_rcc.o
    0x0800ccd4   0x0800ccd4   0x00000370   Code   RO          932    .text               stm32f10x_usart.o
    0x0800d044   0x0800d044   0x0000002c   Code   RO         1004    .text               mc_w.l(uidiv.o)
    0x0800d070   0x0800d070   0x00000062   Code   RO         1006    .text               mc_w.l(uldiv.o)
    0x0800d0d2   0x0800d0d2   0x00000000   Code   RO         1008    .text               mc_w.l(iusefp.o)
    0x0800d0d2   0x0800d0d2   0x0000014e   Code   RO         1009    .text               mf_w.l(dadd.o)
    0x0800d220   0x0800d220   0x000000e4   Code   RO         1011    .text               mf_w.l(dmul.o)
    0x0800d304   0x0800d304   0x000000de   Code   RO         1013    .text               mf_w.l(ddiv.o)
    0x0800d3e2   0x0800d3e2   0x00000030   Code   RO         1015    .text               mf_w.l(dfixul.o)
    0x0800d412   0x0800d412   0x00000002   PAD
    0x0800d414   0x0800d414   0x00000030   Code   RO         1017    .text               mf_w.l(cdrcmple.o)
    0x0800d444   0x0800d444   0x00000024   Code   RO         1019    .text               mc_w.l(init.o)
    0x0800d468   0x0800d468   0x0000001e   Code   RO         1022    .text               mc_w.l(llshl.o)
    0x0800d486   0x0800d486   0x00000020   Code   RO         1024    .text               mc_w.l(llushr.o)
    0x0800d4a6   0x0800d4a6   0x00000024   Code   RO         1026    .text               mc_w.l(llsshr.o)
    0x0800d4ca   0x0800d4ca   0x000000ba   Code   RO         1029    .text               mf_w.l(depilogue.o)
    0x0800d584   0x0800d584   0x00000084   Code   RO          672    CODE                os_cpu_a.o
    0x0800d608   0x0800d608   0x0000002c   Code   RO          965    i.__0vsnprintf      mc_w.l(printfa.o)
    0x0800d634   0x0800d634   0x0000000e   Code   RO         1033    i.__scatterload_copy  mc_w.l(handlers.o)
    0x0800d642   0x0800d642   0x00000002   Code   RO         1034    i.__scatterload_null  mc_w.l(handlers.o)
    0x0800d644   0x0800d644   0x0000000e   Code   RO         1035    i.__scatterload_zeroinit  mc_w.l(handlers.o)
    0x0800d652   0x0800d652   0x00000002   PAD
    0x0800d654   0x0800d654   0x00000184   Code   RO          967    i._fp_digits        mc_w.l(printfa.o)
    0x0800d7d8   0x0800d7d8   0x000006dc   Code   RO          968    i._printf_core      mc_w.l(printfa.o)
    0x0800deb4   0x0800deb4   0x00000024   Code   RO          969    i._printf_post_padding  mc_w.l(printfa.o)
    0x0800ded8   0x0800ded8   0x0000002e   Code   RO          970    i._printf_pre_padding  mc_w.l(printfa.o)
    0x0800df06   0x0800df06   0x00000016   Code   RO          971    i._snputc           mc_w.l(printfa.o)
    0x0800df1c   0x0800df1c   0x00000100   Data   RO          322    .constdata          cpu_core.o
    0x0800e01c   0x0800e01c   0x00000094   Data   RO          414    .constdata          lib_str.o
    0x0800e0b0   0x0800e0b0   0x000000a4   Data   RO          435    .constdata          os_cfg_app.o
    0x0800e154   0x0800e154   0x0000016c   Data   RO          658    .constdata          os_dbg.o
    0x0800e2c0   0x0800e2c0   0x00000014   Data   RO          859    .constdata          stm32f10x_rcc.o
    0x0800e2d4   0x0800e2d4   0x00000020   Data   RO         1031    Region$$Table       anon$$obj.o


    Execution Region RW_IRAM1 (Exec base: 0x20000000, Load base: 0x0800e2f4, Size: 0x00008db0, Max: 0x00010000, ABSOLUTE)

    Exec Addr    Load Addr    Size         Type   Attr      Idx    E Section Name        Object

    0x20000000   0x0800e2f4   0x00000004   Data   RW          197    .data               bsp.o
    0x20000004   0x0800e2f8   0x00000001   Data   RW          259    .data               bsp_ser.o
    0x20000005   0x0800e2f9   0x00000003   PAD
    0x20000008   0x0800e2fc   0x0000001c   Data   RW          323    .data               cpu_core.o
    0x20000024   0x0800e318   0x00000004   Data   RW          396    .data               lib_mem.o
    0x20000028   0x0800e31c   0x00000004   Data   RW          541    .data               os_prio.o
    0x2000002c   0x0800e320   0x000000d0   Data   RW          644    .data               os_var.o
    0x200000fc   0x0800e3f0   0x00000004   Data   RW          676    .data               os_cpu_c.o
    0x20000100        -       0x000002c8   Zero   RW            2    .bss                app.o
    0x200003c8        -       0x00000110   Zero   RW          232    .bss                bsp_int.o
    0x200004d8        -       0x00000078   Zero   RW          258    .bss                bsp_ser.o
    0x20000550        -       0x00000010   Zero   RW          321    .bss                cpu_core.o
    0x20000560        -       0x00006c48   Zero   RW          395    .bss                lib_mem.o
    0x200071a8        -       0x00001490   Zero   RW          434    .bss                os_cfg_app.o
    0x20008638        -       0x00000574   Zero   RW          643    .bss                os_var.o
    0x20008bac   0x0800e3f4   0x00000004   PAD
    0x20008bb0        -       0x00000200   Zero   RW          312    STACK               cstartup.o


==============================================================================

Image component sizes


      Code (inc. data)   RO Data    RW Data    ZI Data      Debug   Object Name

       284        102          0          0        712     288634   app.o
       672         26          0          4          0       2628   bsp.o
       876          8          0          0        272      10902   bsp_int.o
       180          4          0          0          0       2378   bsp_os.o
       768        130          0          0          0       1226   bsp_periph.o
       840         72          0          1        120       3996   bsp_ser.o
        52          0          0          0          0        392   cpu_a.o
      2132        100          0          0          0       3813   cpu_c.o
      1084         42        256         28         16      16685   cpu_core.o
        24          6        336          0        512        732   cstartup.o
       598          0          0          0          0       3936   lib_ascii.o
      3980         62          0          4      27720      25396   lib_mem.o
       544          0          0          0          0        540   lib_mem_a.o
      2344          4        148          0          0      13950   lib_str.o
         2          0        164          0       5264      21134   os_cfg_app.o
      3664        294          0          0          0      12669   os_core.o
       132         32          0          0          0        440   os_cpu_a.o
       652         64          0          4          0       4061   os_cpu_c.o
       436        286        364          0          0       4929   os_dbg.o
      4108        110          0          0          0       8599   os_flag.o
      1120        146          0          0          0       2480   os_int.o
       632         22          0          0          0       2932   os_mem.o
       552         14          0          0          0       2774   os_msg.o
      3136        114          0          0          0       6010   os_mutex.o
       124          4          0          4          0       1900   os_prio.o
      2560         82          0          0          0       6696   os_q.o
      2356         72          0          0          0       6696   os_sem.o
      1756        190          0          0          0       3073   os_stat.o
      8072        282          0          0          0      15202   os_task.o
      1316         90          0          0          0       3441   os_tick.o
      1612         44          0          0          0       3609   os_time.o
      2148        140          0          0          0       6846   os_tmr.o
         0          0          0        208       1396      19581   os_var.o
      1328         34          0          0          0       6010   stm32f10x_flash.o
       824         18          0          0          0       5653   stm32f10x_gpio.o
      1300         62         20          0          0      11982   stm32f10x_rcc.o
       880         12          0          0          0       7839   stm32f10x_usart.o

    ----------------------------------------------------------------------
     53092       2668       1320        256      36016     539764   Object Totals
         0          0         32          0          0          0   (incl. Generated)
         4          0          0          3          4          0   (incl. Padding)

    ----------------------------------------------------------------------

      Code (inc. data)   RO Data    RW Data    ZI Data      Debug   Library Member Name

         0          0          0          0          0          0   entry.o
         0          0          0          0          0          0   entry10a.o
         0          0          0          0          0          0   entry11a.o
         8          4          0          0          0          0   entry2.o
         4          0          0          0          0          0   entry5.o
         0          0          0          0          0          0   entry7b.o
         0          0          0          0          0          0   entry8b.o
         8          4          0          0          0          0   entry9a.o
        30          0          0          0          0          0   handlers.o
        36          8          0          0          0         68   init.o
         0          0          0          0          0          0   iusefp.o
        30          0          0          0          0         68   llshl.o
        36          0          0          0          0         68   llsshr.o
        32          0          0          0          0         68   llushr.o
      2292         84          0          0          0        516   printfa.o
        44          0          0          0          0         80   uidiv.o
        98          0          0          0          0         92   uldiv.o
        48          0          0          0          0         68   cdrcmple.o
       334          0          0          0          0        148   dadd.o
       222          0          0          0          0        100   ddiv.o
       186          0          0          0          0        176   depilogue.o
        48          0          0          0          0         68   dfixul.o
       228          0          0          0          0         96   dmul.o

    ----------------------------------------------------------------------
      3688        100          0          0          0       1616   Library Totals
         4          0          0          0          0          0   (incl. Padding)

    ----------------------------------------------------------------------

      Code (inc. data)   RO Data    RW Data    ZI Data      Debug   Library Name

      2618        100          0          0          0        960   mc_w.l
      1066          0          0          0          0        656   mf_w.l

    ----------------------------------------------------------------------
      3688        100          0          0          0       1616   Library Totals

    ----------------------------------------------------------------------

==============================================================================


      Code (inc. data)   RO Data    RW Data    ZI Data      Debug   

     56780       2768       1320        256      36016     537424   Grand Totals
     56780       2768       1320        256      36016     537424   ELF Image Totals
     56780       2768       1320        256          0          0   ROM Totals

==============================================================================

    Total RO  Size (Code + RO Data)                58100 (  56.74kB)
    Total RW  Size (RW Data + ZI Data)             36272 (  35.42kB)
    Total ROM Size (Code + RO Data + RW Data)      58356 (  56.99kB)

==============================================================================

